<html>
<body>
<pre>
<h1>µVision Build Log</h1>
<h2>Tool Versions:</h2>
IDE-Version: ÂµVision V5.40.0.0
Copyright (C) 2024 ARM Ltd and ARM Germany GmbH. All rights reserved.
License Information: Kasparas Martinkus
KTU
User-based license: Keil MDK Community (non-commercial free of charge)
Valid until: Jun 1 2033. Cached until: May 15 2025
 
Tool Versions:
Toolchain:       Keil MDK Community (non-commercial free of charge  Version: 5.40.0.3
Toolchain Path:  C:\Users\kaspl\AppData\Local\Keil_v5\ARM\ARMCLANG\Bin
C Compiler:      ArmClang.exe V6.22
Assembler:       Armasm.exe V6.22
Linker/Locator:  ArmLink.exe V6.22
Library Manager: ArmAr.exe V6.22
Hex Converter:   FromElf.exe V6.22
CPU DLL:         SARMCM3.DLL V5.40.0.3
Dialog DLL:      DARMCM1.DLL V1.19.6.0
Target DLL:      STLink\ST-LINKIII-KEIL_SWO.dll V3.3.0.0
Dialog DLL:      TARMCM1.DLL V1.14.6.0
 
<h2>Project:</h2>
C:\Users\kaspl\OneDrive\Stalinis kompiuteris\itsem\New folder\MDK-ARM\Inzinerinis2.uvprojx
Project File Date:  05/08/2025

<h2>Output:</h2>
*** Using Compiler 'V6.22', folder: 'C:\Users\kaspl\AppData\Local\Keil_v5\ARM\ARMCLANG\Bin'
Rebuild target 'Inzinerinis2'
assembling startup_stm32l073xx.s...
compiling fonts.c...
compiling stm32l0xx_hal_rcc.c...
compiling stm32l0xx_hal_i2c_ex.c...
compiling stm32l0xx_hal_adc_ex.c...
compiling stm32l0xx_hal_i2c.c...
compiling stm32l0xx_hal_msp.c...
compiling stm32l0xx_hal.c...
compiling stm32l0xx_hal_rcc_ex.c...
compiling stm32l0xx_it.c...
compiling ssd1306.c...
compiling stm32l0xx_hal_flash_ramfunc.c...
compiling main.c...
compiling stm32l0xx_hal_adc.c...
compiling stm32l0xx_hal_flash.c...
compiling stm32l0xx_hal_gpio.c...
compiling stm32l0xx_hal_flash_ex.c...
compiling stm32l0xx_hal_dma.c...
compiling stm32l0xx_hal_pwr.c...
compiling stm32l0xx_hal_pwr_ex.c...
compiling stm32l0xx_hal_cortex.c...
compiling stm32l0xx_hal_exti.c...
compiling stm32l0xx_hal_tim_ex.c...
compiling stm32l0xx_hal_uart_ex.c...
compiling system_stm32l0xx.c...
compiling stm32l0xx_hal_uart.c...
compiling stm32l0xx_hal_tim.c...
linking...
Program Size: Code=31640 RO-data=4376 RW-data=28 ZI-data=3308  
FromELF: creating hex file...
"Inzinerinis2\Inzinerinis2.axf" - 0 Error(s), 0 Warning(s).

<h2>Software Packages used:</h2>

Package Vendor: ARM
                https://www.keil.com/pack/ARM.CMSIS.6.1.0.pack
                ARM::CMSIS@6.1.0
                CMSIS (Common Microcontroller Software Interface Standard)
   * Component: CORE Version: 6.1.0

Package Vendor: Keil
                https://www.keil.com/pack/Keil.STM32L0xx_DFP.2.3.0.pack
                Keil::STM32L0xx_DFP@2.3.0
                STMicroelectronics STM32L0 Series Device Support, Drivers and Examples

<h2>Collection of Component include folders:</h2>
  ./RTE/_Inzinerinis2
  C:/Users/kaspl/AppData/Local/Arm/Packs/ARM/CMSIS/6.1.0/CMSIS/Core/Include
  C:/Users/kaspl/AppData/Local/Arm/Packs/Keil/STM32L0xx_DFP/2.3.0/Drivers/CMSIS/Device/ST/STM32L0xx/Include

<h2>Collection of Component Files used:</h2>

   * Component: ARM::CMSIS:CORE@6.1.0
Build Time Elapsed:  00:00:01
</pre>
</body>
</html>
