Component: Arm Compiler for Embedded 6.22 Tool: armlink [5ee90200]

==============================================================================

Section Cross References

    startup_stm32l073xx.o(STACK) refers (Special) to heapauxi.o(.text) for __use_two_region_memory
    startup_stm32l073xx.o(HEAP) refers (Special) to heapauxi.o(.text) for __use_two_region_memory
    startup_stm32l073xx.o(RESET) refers (Special) to heapauxi.o(.text) for __use_two_region_memory
    startup_stm32l073xx.o(RESET) refers to startup_stm32l073xx.o(STACK) for __initial_sp
    startup_stm32l073xx.o(RESET) refers to startup_stm32l073xx.o(.text) for Reset_Handler
    startup_stm32l073xx.o(RESET) refers to stm32l0xx_it.o(.text.NMI_Handler) for NMI_Handler
    startup_stm32l073xx.o(RESET) refers to stm32l0xx_it.o(.text.HardFault_Handler) for HardFault_Handler
    startup_stm32l073xx.o(RESET) refers to stm32l0xx_it.o(.text.SVC_Handler) for SVC_Handler
    startup_stm32l073xx.o(RESET) refers to stm32l0xx_it.o(.text.PendSV_Handler) for PendSV_Handler
    startup_stm32l073xx.o(RESET) refers to stm32l0xx_it.o(.text.SysTick_Handler) for SysTick_Handler
    startup_stm32l073xx.o(RESET) refers to stm32l0xx_it.o(.text.PVD_IRQHandler) for PVD_IRQHandler
    startup_stm32l073xx.o(RESET) refers to stm32l0xx_it.o(.text.DMA1_Channel1_IRQHandler) for DMA1_Channel1_IRQHandler
    startup_stm32l073xx.o(RESET) refers to stm32l0xx_it.o(.text.TIM3_IRQHandler) for TIM3_IRQHandler
    startup_stm32l073xx.o(RESET) refers to stm32l0xx_it.o(.text.TIM6_DAC_IRQHandler) for TIM6_DAC_IRQHandler
    startup_stm32l073xx.o(RESET) refers to stm32l0xx_it.o(.text.TIM7_IRQHandler) for TIM7_IRQHandler
    startup_stm32l073xx.o(RESET) refers to stm32l0xx_it.o(.text.USART1_IRQHandler) for USART1_IRQHandler
    startup_stm32l073xx.o(.text) refers (Special) to heapauxi.o(.text) for __use_two_region_memory
    startup_stm32l073xx.o(.text) refers to system_stm32l0xx.o(.text.SystemInit) for SystemInit
    startup_stm32l073xx.o(.text) refers to __main.o(!!!main) for __main
    startup_stm32l073xx.o(.text) refers to startup_stm32l073xx.o(HEAP) for Heap_Mem
    startup_stm32l073xx.o(.text) refers to startup_stm32l073xx.o(STACK) for Stack_Mem
    ssd1306.o(.text.ssd1306_Init) refers to stm32l0xx_hal.o(.text.HAL_Delay) for HAL_Delay
    ssd1306.o(.text.ssd1306_Init) refers to ssd1306.o(.text.ssd1306_WriteCommand) for ssd1306_WriteCommand
    ssd1306.o(.text.ssd1306_Init) refers to ssd1306.o(.text.ssd1306_Fill) for ssd1306_Fill
    ssd1306.o(.text.ssd1306_Init) refers to ssd1306.o(.text.ssd1306_UpdateScreen) for ssd1306_UpdateScreen
    ssd1306.o(.text.ssd1306_Init) refers to ssd1306.o(.bss.SSD1306) for [Anonymous Symbol]
    ssd1306.o(.ARM.exidx.text.ssd1306_Init) refers to ssd1306.o(.text.ssd1306_Init) for [Anonymous Symbol]
    ssd1306.o(.text.ssd1306_WriteCommand) refers to stm32l0xx_hal_i2c.o(.text.HAL_I2C_Mem_Write) for HAL_I2C_Mem_Write
    ssd1306.o(.ARM.exidx.text.ssd1306_WriteCommand) refers to ssd1306.o(.text.ssd1306_WriteCommand) for [Anonymous Symbol]
    ssd1306.o(.text.ssd1306_Fill) refers to ssd1306.o(.bss.SSD1306_Buffer) for [Anonymous Symbol]
    ssd1306.o(.ARM.exidx.text.ssd1306_Fill) refers to ssd1306.o(.text.ssd1306_Fill) for [Anonymous Symbol]
    ssd1306.o(.text.ssd1306_UpdateScreen) refers to ssd1306.o(.text.ssd1306_WriteCommand) for ssd1306_WriteCommand
    ssd1306.o(.text.ssd1306_UpdateScreen) refers to stm32l0xx_hal_i2c.o(.text.HAL_I2C_Mem_Write) for HAL_I2C_Mem_Write
    ssd1306.o(.text.ssd1306_UpdateScreen) refers to ssd1306.o(.bss.SSD1306_Buffer) for [Anonymous Symbol]
    ssd1306.o(.ARM.exidx.text.ssd1306_UpdateScreen) refers to ssd1306.o(.text.ssd1306_UpdateScreen) for [Anonymous Symbol]
    ssd1306.o(.text.ssd1306_DrawPixel) refers to ssd1306.o(.bss.SSD1306) for [Anonymous Symbol]
    ssd1306.o(.text.ssd1306_DrawPixel) refers to ssd1306.o(.bss.SSD1306_Buffer) for [Anonymous Symbol]
    ssd1306.o(.ARM.exidx.text.ssd1306_DrawPixel) refers to ssd1306.o(.text.ssd1306_DrawPixel) for [Anonymous Symbol]
    ssd1306.o(.text.ssd1306_WriteChar) refers to ssd1306.o(.text.ssd1306_DrawPixel) for ssd1306_DrawPixel
    ssd1306.o(.text.ssd1306_WriteChar) refers to ssd1306.o(.bss.SSD1306) for [Anonymous Symbol]
    ssd1306.o(.ARM.exidx.text.ssd1306_WriteChar) refers to ssd1306.o(.text.ssd1306_WriteChar) for [Anonymous Symbol]
    ssd1306.o(.text.ssd1306_WriteString) refers to ssd1306.o(.text.ssd1306_WriteChar) for ssd1306_WriteChar
    ssd1306.o(.ARM.exidx.text.ssd1306_WriteString) refers to ssd1306.o(.text.ssd1306_WriteString) for [Anonymous Symbol]
    ssd1306.o(.text.ssd1306_InvertColors) refers to ssd1306.o(.bss.SSD1306) for [Anonymous Symbol]
    ssd1306.o(.ARM.exidx.text.ssd1306_InvertColors) refers to ssd1306.o(.text.ssd1306_InvertColors) for [Anonymous Symbol]
    ssd1306.o(.text.ssd1306_SetCursor) refers to ssd1306.o(.bss.SSD1306) for [Anonymous Symbol]
[...]
    __arm_cp.3_0                             0x080076f4   Number         4  ssd1306.o(.text.ssd1306_UpdateScreen)
    [Anonymous Symbol]                       0x080076f8   Section        0  ssd1306.o(.text.ssd1306_WriteChar)
    __arm_cp.5_0                             0x080077e8   Number         4  ssd1306.o(.text.ssd1306_WriteChar)
    ssd1306_WriteCommand                     0x080077ed   Thumb Code    40  ssd1306.o(.text.ssd1306_WriteCommand)
    [Anonymous Symbol]                       0x080077ec   Section        0  ssd1306.o(.text.ssd1306_WriteCommand)
    [Anonymous Symbol]                       0x08007814   Section        0  ssd1306.o(.text.ssd1306_WriteString)
    [Anonymous Symbol]                       0x0800786c   Section        0  main.o(.text.startConvADC)
    __arm_cp.1_0                             0x08007888   Number         4  main.o(.text.startConvADC)
    __arm_cp.1_1                             0x0800788c   Number         4  main.o(.text.startConvADC)
    i.__ARM_common_ll_muluu                  0x08007890   Section        0  btod.o(i.__ARM_common_ll_muluu)
    i.__ARM_fpclassify                       0x080078c0   Section        0  fpclassify.o(i.__ARM_fpclassify)
    i._fgeq                                  0x080078ec   Section        0  fcmp.o(i._fgeq)
    i._fleq                                  0x08007902   Section        0  fcmp.o(i._fleq)
    i._is_digit                              0x0800791c   Section        0  __printf_wp.o(i._is_digit)
    locale$$code                             0x0800792c   Section       44  lc_numeric_c.o(locale$$code)
    locale$$code                             0x08007958   Section       44  lc_ctype_c.o(locale$$code)
    x$fpl$fadd                               0x08007984   Section      140  faddsub.o(x$fpl$fadd)
    _fadd1                                   0x08007991   Thumb Code     0  faddsub.o(x$fpl$fadd)
    x$fpl$fgeqf                              0x08007a10   Section       84  fgef.o(x$fpl$fgeqf)
    x$fpl$fleqf                              0x08007a64   Section       84  flef.o(x$fpl$fleqf)
    x$fpl$fmul                               0x08007ab8   Section      176  fmul.o(x$fpl$fmul)
    x$fpl$fsub                               0x08007b68   Section      208  faddsub.o(x$fpl$fsub)
    _fsub1                                   0x08007b75   Thumb Code     0  faddsub.o(x$fpl$fsub)
    x$fpl$printf1                            0x08007c38   Section       16  printf1.o(x$fpl$printf1)
    x$fpl$printf2                            0x08007c48   Section       16  printf2.o(x$fpl$printf2)
    fdiv_tab                                 0x08007c58   Data          64  fdiv.o(.constdata)
    .constdata                               0x08007c58   Section       64  fdiv.o(.constdata)
    x$fpl$usenofp                            0x08007c58   Section        0  usenofp.o(x$fpl$usenofp)
    initial_mbstate                          0x08007c98   Data           8  _printf_wctomb.o(.constdata)
    .constdata                               0x08007c98   Section        8  _printf_wctomb.o(.constdata)
    uc_hextab                                0x08007ca0   Data          20  _printf_hex_int_ll_ptr.o(.constdata)
    .constdata                               0x08007ca0   Section       40  _printf_hex_int_ll_ptr.o(.constdata)
    lc_hextab                                0x08007cb4   Data          20  _printf_hex_int_ll_ptr.o(.constdata)
    maptable                                 0x08007cc8   Data          17  __printf_flags_ss_wp.o(.constdata)
    .constdata                               0x08007cc8   Section       17  __printf_flags_ss_wp.o(.constdata)
    lc_hextab                                0x08007cd9   Data          19  _printf_fp_hex.o(.constdata)
    .constdata                               0x08007cd9   Section       38  _printf_fp_hex.o(.constdata)
    uc_hextab                                0x08007cec   Data          19  _printf_fp_hex.o(.constdata)
    tenpwrs_x                                0x08007d00   Data          60  bigflt0.o(.constdata)
    .constdata                               0x08007d00   Section      148  bigflt0.o(.constdata)
    tenpwrs_i                                0x08007d3c   Data          64  bigflt0.o(.constdata)
    Font11x18                                0x08007dac   Data        3420  fonts.o(.rodata.Font11x18)
    [Anonymous Symbol]                       0x08007dac   Section        0  fonts.o(.rodata.Font11x18)
    [Anonymous Symbol]                       0x08008b11   Section        0  main.o(.rodata.str1.1)
    locale$$data                             0x08008b84   Section       28  lc_numeric_c.o(locale$$data)
    __lcnum_c_name                           0x08008b88   Data           2  lc_numeric_c.o(locale$$data)
    __lcnum_c_start                          0x08008b90   Data           0  lc_numeric_c.o(locale$$data)
    __lcnum_c_point                          0x08008b9c   Data           0  lc_numeric_c.o(locale$$data)
    __lcnum_c_thousands                      0x08008b9e   Data           0  lc_numeric_c.o(locale$$data)
    __lcnum_c_grouping                       0x08008b9f   Data           0  lc_numeric_c.o(locale$$data)
    __lcnum_c_end                            0x08008ba0   Data           0  lc_numeric_c.o(locale$$data)
    locale$$data                             0x08008ba0   Section      272  lc_ctype_c.o(locale$$data)
    __lcctype_c_name                         0x08008ba4   Data           2  lc_ctype_c.o(locale$$data)
    __lcctype_c_start                        0x08008bac   Data           0  lc_ctype_c.o(locale$$data)
    __lcctype_c_end                          0x08008cb0   Data           0  lc_ctype_c.o(locale$$data)
    .bss                                     0x20000020   Section       96  libspace.o(.bss)
    SSD1306                                  0x200000a4   Data           6  ssd1306.o(.bss.SSD1306)
    [Anonymous Symbol]                       0x200000a4   Section        0  ssd1306.o(.bss.SSD1306)
    SSD1306_Buffer                           0x200000aa   Data        1024  ssd1306.o(.bss.SSD1306_Buffer)
    [Anonymous Symbol]                       0x200000aa   Section        0  ssd1306.o(.bss.SSD1306_Buffer)
    aADCxConvertedData                       0x200004b4   Data           4  main.o(.bss.aADCxConvertedData)
    [Anonymous Symbol]                       0x200004b4   Section        0  main.o(.bss.aADCxConvertedData)
    Heap_Mem                                 0x20000708   Data         512  startup_stm32l073xx.o(HEAP)
    HEAP                                     0x20000708   Section      512  startup_stm32l073xx.o(HEAP)
    Stack_Mem                                0x20000908   Data        1024  startup_stm32l073xx.o(STACK)
    STACK                                    0x20000908   Section     1024  startup_stm32l073xx.o(STACK)
    __initial_sp                             0x20000d08   Data           0  startup_stm32l073xx.o(STACK)

    Global Symbols

    Symbol Name                              Value     Ov Type        Size  Object(Section)

    BuildAttributes$$THM_ISAv3M$S$PE$A:L22$X:L11$S22$IEEE1$IW$~IW$USESV6$~STKCKD$USESV7$~SHL$OTIME$ROPI$IEEEJ$EBA8$UX$STANDARDLIB$REQ8$PRES8$EABIv2 0x00000000   Number         0  anon$$obj.o ABSOLUTE
    _printf_flags                            0x00000000   Number         0  printf_stubs.o ABSOLUTE
    _printf_return_value                     0x00000000   Number         0  printf_stubs.o ABSOLUTE
    _printf_sizespec                         0x00000000   Number         0  printf_stubs.o ABSOLUTE
    _printf_widthprec                        0x00000000   Number         0  printf_stubs.o ABSOLUTE
    __ARM_exceptions_init                     - Undefined Weak Reference
    __alloca_initialize                       - Undefined Weak Reference
    __arm_preinit_                            - Undefined Weak Reference
    __arm_relocate_pie_                       - Undefined Weak Reference
    __cpp_initialize__aeabi_                  - Undefined Weak Reference
    __cxa_finalize                            - Undefined Weak Reference
    __sigvec_lookup                           - Undefined Weak Reference
    _atexit_init                              - Undefined Weak Reference
    _call_atexit_fns                          - Undefined Weak Reference
    _clock_init                               - Undefined Weak Reference
    _fp_trap_init                             - Undefined Weak Reference
    _fp_trap_shutdown                         - Undefined Weak Reference
    _get_lc_collate                           - Undefined Weak Reference
    _get_lc_monetary                          - Undefined Weak Reference
    _get_lc_time                              - Undefined Weak Reference
    _getenv_init                              - Undefined Weak Reference
    _handle_redirection                       - Undefined Weak Reference
    _init_alloc                               - Undefined Weak Reference
    _init_user_alloc                          - Undefined Weak Reference
    _initio                                   - Undefined Weak Reference
    _printf_mbtowc                            - Undefined Weak Reference
    _printf_wc                                - Undefined Weak Reference
    _rand_init                                - Undefined Weak Reference
    _signal_finish                            - Undefined Weak Reference
    _signal_init                              - Undefined Weak Reference
    _terminate_alloc                          - Undefined Weak Reference
    _terminate_user_alloc                     - Undefined Weak Reference
    _terminateio                              - Undefined Weak Reference
    __Vectors_Size                           0x000000c0   Number         0  startup_stm32l073xx.o ABSOLUTE
    __Vectors                                0x08000000   Data           4  startup_stm32l073xx.o(RESET)
    __Vectors_End                            0x080000c0   Data           0  startup_stm32l073xx.o(RESET)
    __main                                   0x080000c1   Thumb Code     8  __main.o(!!!main)
    __scatterload                            0x080000c9   Thumb Code     0  __scatter.o(!!!scatter)
    __scatterload_rt2                        0x080000c9   Thumb Code    74  __scatter.o(!!!scatter)
    __scatterload_rt2_thumb_only             0x080000c9   Thumb Code     0  __scatter.o(!!!scatter)
    __scatterload_loop                       0x080000d3   Thumb Code     0  __scatter.o(!!!scatter)
    __scatterload_copy                       0x0800011d   Thumb Code    26  __scatter_copy.o(!!handler_copy)
    __scatterload_null                       0x08000139   Thumb Code     2  __scatter.o(!!handler_null)
    __scatterload_zeroinit                   0x0800013d   Thumb Code    28  __scatter_zi.o(!!handler_zi)
    _printf_percent                          0x08000159   Thumb Code     0  _printf_percent.o(.ARM.Collect$$_printf_percent$$00000000)
    _printf_n                                0x0800015b   Thumb Code     0  _printf_n.o(.ARM.Collect$$_printf_percent$$00000001)
    _printf_p                                0x08000165   Thumb Code     0  _printf_p.o(.ARM.Collect$$_printf_percent$$00000002)
    _printf_f                                0x0800016f   Thumb Code     0  _printf_f.o(.ARM.Collect$$_printf_percent$$00000003)
    _printf_e                                0x08000179   Thumb Code     0  _printf_e.o(.ARM.Collect$$_printf_percent$$00000004)
    _printf_g                                0x08000183   Thumb Code     0  _printf_g.o(.ARM.Collect$$_printf_percent$$00000005)
    _printf_a                                0x0800018d   Thumb Code     0  _printf_a.o(.ARM.Collect$$_printf_percent$$00000006)
    _printf_ll                               0x08000197   Thumb Code     0  _printf_ll.o(.ARM.Collect$$_printf_percent$$00000007)
    _printf_i                                0x080001a1   Thumb Code     0  _printf_i.o(.ARM.Collect$$_printf_percent$$00000008)
    _printf_d                                0x080001ab   Thumb Code     0  _printf_d.o(.ARM.Collect$$_printf_percent$$00000009)
    _printf_u                                0x080001b5   Thumb Code     0  _printf_u.o(.ARM.Collect$$_printf_percent$$0000000A)
    _printf_o                                0x080001bf   Thumb Code     0  _printf_o.o(.ARM.Collect$$_printf_percent$$0000000B)
    _printf_x                                0x080001c9   Thumb Code     0  _printf_x.o(.ARM.Collect$$_printf_percent$$0000000C)
    _printf_lli                              0x080001d3   Thumb Code     0  _printf_lli.o(.ARM.Collect$$_printf_percent$$0000000D)
    _printf_lld                              0x080001dd   Thumb Code     0  _printf_lld.o(.ARM.Collect$$_printf_percent$$0000000E)
    _printf_llu                              0x080001e7   Thumb Code     0  _printf_llu.o(.ARM.Collect$$_printf_percent$$0000000F)
    _printf_llo                              0x080001f1   Thumb Code     0  _printf_llo.o(.ARM.Collect$$_printf_percent$$00000010)
    _printf_llx                              0x080001fb   Thumb Code     0  _printf_llx.o(.ARM.Collect$$_printf_percent$$00000011)
    _printf_l                                0x08000205   Thumb Code     0  _printf_l.o(.ARM.Collect$$_printf_percent$$00000012)
    _printf_c                                0x0800020f   Thumb Code     0  _printf_c.o(.ARM.Collect$$_printf_percent$$00000013)
    _printf_s                                0x08000219   Thumb Code     0  _printf_s.o(.ARM.Collect$$_printf_percent$$00000014)
    _printf_lc                               0x08000223   Thumb Code     0  _printf_lc.o(.ARM.Collect$$_printf_percent$$00000015)
    _printf_ls                               0x0800022d   Thumb Code     0  _printf_ls.o(.ARM.Collect$$_printf_percent$$00000016)
    _printf_percent_end                      0x08000237   Thumb Code     0  _printf_percent_end.o(.ARM.Collect$$_printf_percent$$00000017)
    __rt_lib_init                            0x0800023b   Thumb Code     0  libinit.o(.ARM.Collect$$libinit$$00000000)
    __rt_lib_init_fp_1                       0x0800023d   Thumb Code     0  libinit2.o(.ARM.Collect$$libinit$$00000002)
    __rt_lib_init_heap_1                     0x0800023d   Thumb Code     0  libinit2.o(.ARM.Collect$$libinit$$0000000C)
    __rt_lib_init_lc_common                  0x0800023d   Thumb Code     0  libinit2.o(.ARM.Collect$$libinit$$00000011)
    __rt_lib_init_preinit_1                  0x0800023d   Thumb Code     0  libinit2.o(.ARM.Collect$$libinit$$00000006)
    __rt_lib_init_rand_1                     0x0800023d   Thumb Code     0  libinit2.o(.ARM.Collect$$libinit$$00000010)
    __rt_lib_init_relocate_pie_1             0x0800023d   Thumb Code     0  libinit2.o(.ARM.Collect$$libinit$$00000004)
    __rt_lib_init_user_alloc_1               0x0800023d   Thumb Code     0  libinit2.o(.ARM.Collect$$libinit$$0000000E)
    __rt_lib_init_lc_collate_1               0x08000243   Thumb Code     0  libinit2.o(.ARM.Collect$$libinit$$00000013)
    __rt_lib_init_lc_ctype_2                 0x08000243   Thumb Code     0  libinit2.o(.ARM.Collect$$libinit$$00000014)
    __rt_lib_init_lc_ctype_1                 0x0800024f   Thumb Code     0  libinit2.o(.ARM.Collect$$libinit$$00000015)
    __rt_lib_init_lc_monetary_1              0x0800024f   Thumb Code     0  libinit2.o(.ARM.Collect$$libinit$$00000017)
    __rt_lib_init_lc_numeric_2               0x0800024f   Thumb Code     0  libinit2.o(.ARM.Collect$$libinit$$00000018)
    __rt_lib_init_alloca_1                   0x08000259   Thumb Code     0  libinit2.o(.ARM.Collect$$libinit$$00000030)
    __rt_lib_init_argv_1                     0x08000259   Thumb Code     0  libinit2.o(.ARM.Collect$$libinit$$0000002E)
    __rt_lib_init_atexit_1                   0x08000259   Thumb Code     0  libinit2.o(.ARM.Collect$$libinit$$0000001D)
    __rt_lib_init_clock_1                    0x08000259   Thumb Code     0  libinit2.o(.ARM.Collect$$libinit$$00000023)
    __rt_lib_init_cpp_1                      0x08000259   Thumb Code     0  libinit2.o(.ARM.Collect$$libinit$$00000034)
    __rt_lib_init_exceptions_1               0x08000259   Thumb Code     0  libinit2.o(.ARM.Collect$$libinit$$00000032)
    __rt_lib_init_fp_trap_1                  0x08000259   Thumb Code     0  libinit2.o(.ARM.Collect$$libinit$$00000021)
    __rt_lib_init_getenv_1                   0x08000259   Thumb Code     0  libinit2.o(.ARM.Collect$$libinit$$00000025)
    __rt_lib_init_lc_numeric_1               0x08000259   Thumb Code     0  libinit2.o(.ARM.Collect$$libinit$$00000019)
    __rt_lib_init_lc_time_1                  0x08000259   Thumb Code     0  libinit2.o(.ARM.Collect$$libinit$$0000001B)
    __rt_lib_init_return                     0x08000259   Thumb Code     0  libinit2.o(.ARM.Collect$$libinit$$00000035)
    __rt_lib_init_signal_1                   0x08000259   Thumb Code     0  libinit2.o(.ARM.Collect$$libinit$$0000001F)
    __rt_lib_init_stdio_1                    0x08000259   Thumb Code     0  libinit2.o(.ARM.Collect$$libinit$$00000027)
    __rt_lib_shutdown                        0x0800025b   Thumb Code     0  libshutdown.o(.ARM.Collect$$libshutdown$$00000000)
    __rt_lib_shutdown_cpp_1                  0x0800025d   Thumb Code     0  libshutdown2.o(.ARM.Collect$$libshutdown$$00000002)
    __rt_lib_shutdown_fp_trap_1              0x0800025d   Thumb Code     0  libshutdown2.o(.ARM.Collect$$libshutdown$$00000007)
    __rt_lib_shutdown_heap_1                 0x0800025d   Thumb Code     0  libshutdown2.o(.ARM.Collect$$libshutdown$$0000000F)
    __rt_lib_shutdown_return                 0x0800025d   Thumb Code     0  libshutdown2.o(.ARM.Collect$$libshutdown$$00000010)
    __rt_lib_shutdown_signal_1               0x0800025d   Thumb Code     0  libshutdown2.o(.ARM.Collect$$libshutdown$$0000000A)
    __rt_lib_shutdown_stdio_1                0x0800025d   Thumb Code     0  libshutdown2.o(.ARM.Collect$$libshutdown$$00000004)
    __rt_lib_shutdown_user_alloc_1           0x0800025d   Thumb Code     0  libshutdown2.o(.ARM.Collect$$libshutdown$$0000000C)
    __rt_entry                               0x0800025f   Thumb Code     0  __rtentry.o(.ARM.Collect$$rtentry$$00000000)
    __rt_entry_presh_1                       0x0800025f   Thumb Code     0  __rtentry2.o(.ARM.Collect$$rtentry$$00000002)
    __rt_entry_sh                            0x0800025f   Thumb Code     0  __rtentry4.o(.ARM.Collect$$rtentry$$00000004)
    __rt_entry_li                            0x08000265   Thumb Code     0  __rtentry2.o(.ARM.Collect$$rtentry$$0000000A)
    __rt_entry_postsh_1                      0x08000265   Thumb Code     0  __rtentry2.o(.ARM.Collect$$rtentry$$00000009)
    __rt_entry_main                          0x08000269   Thumb Code     0  __rtentry2.o(.ARM.Collect$$rtentry$$0000000D)
    __rt_entry_postli_1                      0x08000269   Thumb Code     0  __rtentry2.o(.ARM.Collect$$rtentry$$0000000C)
    __rt_exit                                0x08000271   Thumb Code     0  rtexit.o(.ARM.Collect$$rtexit$$00000000)
    __rt_exit_ls                             0x08000273   Thumb Code     0  rtexit2.o(.ARM.Collect$$rtexit$$00000003)
    __rt_exit_prels_1                        0x08000273   Thumb Code     0  rtexit2.o(.ARM.Collect$$rtexit$$00000002)
    __rt_exit_exit                           0x08000277   Thumb Code     0  rtexit2.o(.ARM.Collect$$rtexit$$00000004)
    Reset_Handler                            0x0800027d   Thumb Code     8  startup_stm32l073xx.o(.text)
    ADC1_COMP_IRQHandler                     0x0800028f   Thumb Code     0  startup_stm32l073xx.o(.text)
    DMA1_Channel2_3_IRQHandler               0x0800028f   Thumb Code     0  startup_stm32l073xx.o(.text)
    DMA1_Channel4_5_6_7_IRQHandler           0x0800028f   Thumb Code     0  startup_stm32l073xx.o(.text)
    EXTI0_1_IRQHandler                       0x0800028f   Thumb Code     0  startup_stm32l073xx.o(.text)
    EXTI2_3_IRQHandler                       0x0800028f   Thumb Code     0  startup_stm32l073xx.o(.text)
    EXTI4_15_IRQHandler                      0x0800028f   Thumb Code     0  startup_stm32l073xx.o(.text)
    FLASH_IRQHandler                         0x0800028f   Thumb Code     0  startup_stm32l073xx.o(.text)
    I2C1_IRQHandler                          0x0800028f   Thumb Code     0  startup_stm32l073xx.o(.text)
    I2C2_IRQHandler                          0x0800028f   Thumb Code     0  startup_stm32l073xx.o(.text)
    I2C3_IRQHandler                          0x0800028f   Thumb Code     0  startup_stm32l073xx.o(.text)
    LCD_IRQHandler                           0x0800028f   Thumb Code     0  startup_stm32l073xx.o(.text)
    LPTIM1_IRQHandler                        0x0800028f   Thumb Code     0  startup_stm32l073xx.o(.text)
    RCC_CRS_IRQHandler                       0x0800028f   Thumb Code     0  startup_stm32l073xx.o(.text)
    RNG_LPUART1_IRQHandler                   0x0800028f   Thumb Code     0  startup_stm32l073xx.o(.text)
    RTC_IRQHandler                           0x0800028f   Thumb Code     0  startup_stm32l073xx.o(.text)
    SPI1_IRQHandler                          0x0800028f   Thumb Code     0  startup_stm32l073xx.o(.text)
    SPI2_IRQHandler                          0x0800028f   Thumb Code     0  startup_stm32l073xx.o(.text)
    TIM21_IRQHandler                         0x0800028f   Thumb Code     0  startup_stm32l073xx.o(.text)
    TIM22_IRQHandler                         0x0800028f   Thumb Code     0  startup_stm32l073xx.o(.text)
    TIM2_IRQHandler                          0x0800028f   Thumb Code     0  startup_stm32l073xx.o(.text)
    TSC_IRQHandler                           0x0800028f   Thumb Code     0  startup_stm32l073xx.o(.text)
    USART2_IRQHandler                        0x0800028f   Thumb Code     0  startup_stm32l073xx.o(.text)
    USART4_5_IRQHandler                      0x0800028f   Thumb Code     0  startup_stm32l073xx.o(.text)
    USB_IRQHandler                           0x0800028f   Thumb Code     0  startup_stm32l073xx.o(.text)
    WWDG_IRQHandler                          0x0800028f   Thumb Code     0  startup_stm32l073xx.o(.text)
    __user_initial_stackheap                 0x08000291   Thumb Code     0  startup_stm32l073xx.o(.text)
    __aeabi_uldivmod                         0x080002b5   Thumb Code   272  lludiv.o(.text)
    _ll_udiv                                 0x080002b5   Thumb Code     0  lludiv.o(.text)
    sprintf                                  0x080003c5   Thumb Code    40  sprintf.o(.text)
    snprintf                                 0x080003f1   Thumb Code    60  snprintf.o(.text)
    _memset_w                                0x08000431   Thumb Code    26  rt_memclr.o(.text)
    _memset                                  0x0800044b   Thumb Code    30  rt_memclr.o(.text)
    __aeabi_memclr                           0x08000469   Thumb Code     4  rt_memclr.o(.text)
    __rt_memclr                              0x08000469   Thumb Code     0  rt_memclr.o(.text)
    __aeabi_memclr4                          0x0800046d   Thumb Code     0  rt_memclr.o(.text)
    __aeabi_memclr8                          0x0800046d   Thumb Code     0  rt_memclr.o(.text)
    __rt_memclr_w                            0x0800046d   Thumb Code     4  rt_memclr.o(.text)
    __aeabi_uidiv                            0x08000471   Thumb Code     0  aeabi_sdiv.o(.text)
    __aeabi_uidivmod                         0x08000471   Thumb Code    20  aeabi_sdiv.o(.text)
    __aeabi_idiv                             0x08000485   Thumb Code     0  aeabi_sdiv.o(.text)
    __aeabi_idivmod                          0x08000485   Thumb Code   338  aeabi_sdiv.o(.text)
    __use_two_region_memory                  0x080005dd   Thumb Code     2  heapauxi.o(.text)
    __rt_heap_escrow$2region                 0x080005df   Thumb Code     2  heapauxi.o(.text)
    __rt_heap_expand$2region                 0x080005e1   Thumb Code     2  heapauxi.o(.text)
    __aeabi_f2d                              0x080005e5   Thumb Code     0  f2d.o(.text)
    __extendsfdf2                            0x080005e5   Thumb Code     0  f2d.o(.text)
    _f2d                                     0x080005e5   Thumb Code    80  f2d.o(.text)
    __aeabi_fdiv                             0x08000639   Thumb Code     0  fdiv.o(.text)
    __divsf3                                 0x08000639   Thumb Code     0  fdiv.o(.text)
    _fdiv                                    0x08000639   Thumb Code   334  fdiv.o(.text)
    _frdiv                                   0x08000787   Thumb Code     8  fdiv.o(.text)
    __aeabi_i2f_normalise                    0x08000799   Thumb Code    72  fflti.o(.text)
    __aeabi_i2f                              0x080007e1   Thumb Code    16  fflti.o(.text)
    _fflt                                    0x080007e1   Thumb Code     0  fflti.o(.text)
    __aeabi_ui2f                             0x080007f1   Thumb Code     6  fflti.o(.text)
    _ffltu                                   0x080007f1   Thumb Code     0  fflti.o(.text)
    _printf_pre_padding                      0x080007f7   Thumb Code    44  _printf_pad.o(.text)
    _printf_post_padding                     0x08000823   Thumb Code    34  _printf_pad.o(.text)
    _printf_truncate_signed                  0x08000845   Thumb Code    18  _printf_truncate.o(.text)
    _printf_truncate_unsigned                0x08000857   Thumb Code    18  _printf_truncate.o(.text)
    _printf_str                              0x08000869   Thumb Code    82  _printf_str.o(.text)
    _printf_int_dec                          0x080008bd   Thumb Code    90  _printf_dec.o(.text)
    _printf_charcount                        0x08000929   Thumb Code    38  _printf_charcount.o(.text)
    _printf_char_common                      0x0800095b   Thumb Code    32  _printf_char_common.o(.text)
    _sputc                                   0x08000981   Thumb Code    10  _sputc.o(.text)
    _snputc                                  0x0800098b   Thumb Code    16  _snputc.o(.text)
    _printf_wctomb                           0x0800099d   Thumb Code   182  _printf_wctomb.o(.text)
    _printf_longlong_dec                     0x08000a59   Thumb Code    94  _printf_longlong_dec.o(.text)
    _printf_longlong_oct                     0x08000ac9   Thumb Code    68  _printf_oct_int_ll.o(.text)
    _printf_int_oct                          0x08000b0d   Thumb Code    24  _printf_oct_int_ll.o(.text)
    _printf_ll_oct                           0x08000b25   Thumb Code    10  _printf_oct_int_ll.o(.text)
    _printf_longlong_hex                     0x08000b39   Thumb Code    88  _printf_hex_int_ll_ptr.o(.text)
    _printf_int_hex                          0x08000b91   Thumb Code    28  _printf_hex_int_ll_ptr.o(.text)
    _printf_ll_hex                           0x08000bad   Thumb Code    10  _printf_hex_int_ll_ptr.o(.text)
    _printf_hex_ptr                          0x08000bb7   Thumb Code    22  _printf_hex_int_ll_ptr.o(.text)
    __printf                                 0x08000bd1   Thumb Code   386  __printf_flags_ss_wp.o(.text)
    _ll_udiv10                               0x08000d59   Thumb Code   122  lludiv10.o(.text)
    _printf_int_common                       0x08000dd3   Thumb Code   176  _printf_intcommon.o(.text)
    _printf_fp_dec_real                      0x08001021   Thumb Code   620  _printf_fp_dec.o(.text)
    _printf_fp_hex_real                      0x08001299   Thumb Code   718  _printf_fp_hex.o(.text)
    _printf_cs_common                        0x08001571   Thumb Code    22  _printf_char.o(.text)
    _printf_char                             0x08001587   Thumb Code    16  _printf_char.o(.text)
    _printf_string                           0x08001597   Thumb Code     8  _printf_char.o(.text)
    _printf_lcs_common                       0x0800159f   Thumb Code    22  _printf_wchar.o(.text)
    _printf_wchar                            0x080015b5   Thumb Code    16  _printf_wchar.o(.text)
    _printf_wstring                          0x080015c5   Thumb Code     8  _printf_wchar.o(.text)
    _c16rtomb                                0x080015cd   Thumb Code    66  _c16rtomb.o(.text)
    _wcrtomb                                 0x080015cd   Thumb Code     0  _c16rtomb.o(.text)
    __rt_udiv10                              0x0800160f   Thumb Code    40  rtudiv10.o(.text)
    __fpl_fcmp_InfNaN                        0x08001639   Thumb Code    96  fcmpin.o(.text)
    __user_setup_stackheap                   0x0800169d   Thumb Code    62  sys_stackheap_outer.o(.text)
    __rt_ctype_table                         0x080016dd   Thumb Code    16  rt_ctype_table.o(.text)
    __rt_locale                              0x080016ed   Thumb Code     8  rt_locale_intlibspace.o(.text)
    _printf_fp_infnan                        0x080016f5   Thumb Code   120  _printf_fp_infnan.o(.text)
    _btod_etento                             0x0800177d   Thumb Code   210  bigflt0.o(.text)
    _btod_d2e                                0x08001855   Thumb Code    64  btod.o(.text)
    _btod_emul                               0x08001c89   Thumb Code    28  btod.o(.text)
    _btod_emuld                              0x08001ca5   Thumb Code   144  btod.o(.text)
    _btod_ediv                               0x08001d35   Thumb Code    26  btod.o(.text)
    _btod_edivd                              0x08001d4f   Thumb Code   124  btod.o(.text)
    exit                                     0x08001dd5   Thumb Code    16  exit.o(.text)
    __fpl_cmpreturn                          0x08001de5   Thumb Code    46  cmpret.o(.text)
    __fpl_fcheck_NaN2                        0x08001e15   Thumb Code    10  fnan2.o(.text)
    __user_libspace                          0x08001e25   Thumb Code     8  libspace.o(.text)
    __user_perproc_libspace                  0x08001e25   Thumb Code     0  libspace.o(.text)
    __user_perthread_libspace                0x08001e25   Thumb Code     0  libspace.o(.text)
    strcmp                                   0x08001e2d   Thumb Code   132  strcmp.o(.text)
    __fpl_return_NaN                         0x08001eb5   Thumb Code    94  retnan.o(.text)
    _sys_exit                                0x08001f15   Thumb Code     8  sys_exit.o(.text)
    __I$use$semihosting                      0x08001f21   Thumb Code     0  use_no_semi.o(.text)
    __use_no_semihosting_swi                 0x08001f21   Thumb Code     2  use_no_semi.o(.text)
    __semihosting_library_function           0x08001f23   Thumb Code     0  indicate_semi.o(.text)
    DMA1_Channel1_IRQHandler                 0x0800211d   Thumb Code    12  stm32l0xx_it.o(.text.DMA1_Channel1_IRQHandler)
    Error_Handler                            0x08002181   Thumb Code    14  main.o(.text.Error_Handler)
    HAL_ADC_ConfigChannel                    0x08002191   Thumb Code   336  stm32l0xx_hal_adc.o(.text.HAL_ADC_ConfigChannel)
    HAL_ADC_ConvCpltCallback                 0x080022f1   Thumb Code   292  main.o(.text.HAL_ADC_ConvCpltCallback)
    HAL_ADC_ConvHalfCpltCallback             0x08002441   Thumb Code     8  stm32l0xx_hal_adc.o(.text.HAL_ADC_ConvHalfCpltCallback)
    HAL_ADC_ErrorCallback                    0x08002449   Thumb Code     8  stm32l0xx_hal_adc.o(.text.HAL_ADC_ErrorCallback)
    HAL_ADC_Init                             0x08002451   Thumb Code   680  stm32l0xx_hal_adc.o(.text.HAL_ADC_Init)
    HAL_ADC_MspInit                          0x08002701   Thumb Code   160  stm32l0xx_hal_msp.o(.text.HAL_ADC_MspInit)
    HAL_ADC_Start_DMA                        0x080027b5   Thumb Code   252  stm32l0xx_hal_adc.o(.text.HAL_ADC_Start_DMA)
    HAL_DMA_Abort                            0x080028c1   Thumb Code   122  stm32l0xx_hal_dma.o(.text.HAL_DMA_Abort)
    HAL_DMA_Abort_IT                         0x0800293b   Thumb Code   124  stm32l0xx_hal_dma.o(.text.HAL_DMA_Abort_IT)
    HAL_DMA_IRQHandler                       0x080029b7   Thumb Code   348  stm32l0xx_hal_dma.o(.text.HAL_DMA_IRQHandler)
    HAL_DMA_Init                             0x08002b15   Thumb Code   204  stm32l0xx_hal_dma.o(.text.HAL_DMA_Init)
    HAL_DMA_Start_IT                         0x08002bf1   Thumb Code   202  stm32l0xx_hal_dma.o(.text.HAL_DMA_Start_IT)
    HAL_Delay                                0x08002cbd   Thumb Code    64  stm32l0xx_hal.o(.text.HAL_Delay)
    HAL_GPIO_Init                            0x08002d01   Thumb Code   744  stm32l0xx_hal_gpio.o(.text.HAL_GPIO_Init)
    HAL_GPIO_WritePin                        0x08003015   Thumb Code    44  stm32l0xx_hal_gpio.o(.text.HAL_GPIO_WritePin)
    HAL_GetTick                              0x08003041   Thumb Code     8  stm32l0xx_hal.o(.text.HAL_GetTick)
    HAL_I2CEx_ConfigAnalogFilter             0x0800304d   Thumb Code   150  stm32l0xx_hal_i2c_ex.o(.text.HAL_I2CEx_ConfigAnalogFilter)
    HAL_I2CEx_ConfigDigitalFilter            0x080030e3   Thumb Code   160  stm32l0xx_hal_i2c_ex.o(.text.HAL_I2CEx_ConfigDigitalFilter)
    HAL_I2C_Init                             0x08003185   Thumb Code   284  stm32l0xx_hal_i2c.o(.text.HAL_I2C_Init)
    HAL_I2C_Mem_Write                        0x080032a5   Thumb Code   600  stm32l0xx_hal_i2c.o(.text.HAL_I2C_Mem_Write)
    HAL_I2C_MspInit                          0x08003501   Thumb Code   100  stm32l0xx_hal_msp.o(.text.HAL_I2C_MspInit)
    HAL_IncTick                              0x08003571   Thumb Code    16  stm32l0xx_hal.o(.text.HAL_IncTick)
    HAL_Init                                 0x08003585   Thumb Code    52  stm32l0xx_hal.o(.text.HAL_Init)
    HAL_InitTick                             0x080035bd   Thumb Code   100  stm32l0xx_hal.o(.text.HAL_InitTick)
    HAL_MspInit                              0x0800362d   Thumb Code    44  stm32l0xx_hal_msp.o(.text.HAL_MspInit)
    HAL_NVIC_EnableIRQ                       0x08003661   Thumb Code    22  stm32l0xx_hal_cortex.o(.text.HAL_NVIC_EnableIRQ)
    HAL_NVIC_SetPriority                     0x08003677   Thumb Code    28  stm32l0xx_hal_cortex.o(.text.HAL_NVIC_SetPriority)
    HAL_PWR_PVDCallback                      0x08003693   Thumb Code     2  stm32l0xx_hal_pwr.o(.text.HAL_PWR_PVDCallback)
    HAL_PWR_PVD_IRQHandler                   0x08003695   Thumb Code    32  stm32l0xx_hal_pwr.o(.text.HAL_PWR_PVD_IRQHandler)
    HAL_RCCEx_PeriphCLKConfig                0x080036b9   Thumb Code   852  stm32l0xx_hal_rcc_ex.o(.text.HAL_RCCEx_PeriphCLKConfig)
    HAL_RCC_ClockConfig                      0x08003a25   Thumb Code   744  stm32l0xx_hal_rcc.o(.text.HAL_RCC_ClockConfig)
    HAL_RCC_GetHCLKFreq                      0x08003d1d   Thumb Code     8  stm32l0xx_hal_rcc.o(.text.HAL_RCC_GetHCLKFreq)
    HAL_RCC_GetPCLK1Freq                     0x08003d29   Thumb Code    28  stm32l0xx_hal_rcc.o(.text.HAL_RCC_GetPCLK1Freq)
    HAL_RCC_GetPCLK2Freq                     0x08003d45   Thumb Code    28  stm32l0xx_hal_rcc.o(.text.HAL_RCC_GetPCLK2Freq)
    HAL_RCC_GetSysClockFreq                  0x08003d65   Thumb Code   260  stm32l0xx_hal_rcc.o(.text.HAL_RCC_GetSysClockFreq)
    HAL_RCC_OscConfig                        0x08003e85   Thumb Code  2124  stm32l0xx_hal_rcc.o(.text.HAL_RCC_OscConfig)
    HAL_SYSTICK_Config                       0x080046f5   Thumb Code    16  stm32l0xx_hal_cortex.o(.text.HAL_SYSTICK_Config)
    HAL_TIMEx_MasterConfigSynchronization    0x08004705   Thumb Code   204  stm32l0xx_hal_tim_ex.o(.text.HAL_TIMEx_MasterConfigSynchronization)
    HAL_TIM_Base_Init                        0x080047d1   Thumb Code   128  stm32l0xx_hal_tim.o(.text.HAL_TIM_Base_Init)
    HAL_TIM_Base_MspInit                     0x08004851   Thumb Code   140  stm32l0xx_hal_msp.o(.text.HAL_TIM_Base_MspInit)
    HAL_TIM_Base_Start_IT                    0x080048e9   Thumb Code   160  stm32l0xx_hal_tim.o(.text.HAL_TIM_Base_Start_IT)
    HAL_TIM_ConfigClockSource                0x08004995   Thumb Code   394  stm32l0xx_hal_tim.o(.text.HAL_TIM_ConfigClockSource)
    HAL_TIM_IC_CaptureCallback               0x08004b1f   Thumb Code     8  stm32l0xx_hal_tim.o(.text.HAL_TIM_IC_CaptureCallback)
    HAL_TIM_IRQHandler                       0x08004b27   Thumb Code   462  stm32l0xx_hal_tim.o(.text.HAL_TIM_IRQHandler)
    HAL_TIM_OC_DelayElapsedCallback          0x08004cf5   Thumb Code     8  stm32l0xx_hal_tim.o(.text.HAL_TIM_OC_DelayElapsedCallback)
    HAL_TIM_PWM_PulseFinishedCallback        0x08004cfd   Thumb Code     8  stm32l0xx_hal_tim.o(.text.HAL_TIM_PWM_PulseFinishedCallback)
    HAL_TIM_PeriodElapsedCallback            0x08004d05   Thumb Code    44  main.o(.text.HAL_TIM_PeriodElapsedCallback)
    HAL_TIM_TriggerCallback                  0x08004d39   Thumb Code     8  stm32l0xx_hal_tim.o(.text.HAL_TIM_TriggerCallback)
    HAL_UARTEx_RxEventCallback               0x08004d41   Thumb Code    12  stm32l0xx_hal_uart.o(.text.HAL_UARTEx_RxEventCallback)
    HAL_UARTEx_WakeupCallback                0x08004d4d   Thumb Code     8  stm32l0xx_hal_uart_ex.o(.text.HAL_UARTEx_WakeupCallback)
    HAL_UART_ErrorCallback                   0x08004d55   Thumb Code     8  stm32l0xx_hal_uart.o(.text.HAL_UART_ErrorCallback)
    HAL_UART_IRQHandler                      0x08004d5d   Thumb Code  1352  stm32l0xx_hal_uart.o(.text.HAL_UART_IRQHandler)
    HAL_UART_Init                            0x080052a9   Thumb Code   176  stm32l0xx_hal_uart.o(.text.HAL_UART_Init)
    HAL_UART_MspInit                         0x08005359   Thumb Code   120  stm32l0xx_hal_msp.o(.text.HAL_UART_MspInit)
    HAL_UART_Receive_IT                      0x080053d9   Thumb Code   212  stm32l0xx_hal_uart.o(.text.HAL_UART_Receive_IT)
    HAL_UART_RxCpltCallback                  0x080054b1   Thumb Code    72  main.o(.text.HAL_UART_RxCpltCallback)
    HAL_UART_Transmit                        0x0800550d   Thumb Code   352  stm32l0xx_hal_uart.o(.text.HAL_UART_Transmit)
    HAL_UART_TxCpltCallback                  0x08005671   Thumb Code     8  stm32l0xx_hal_uart.o(.text.HAL_UART_TxCpltCallback)
    HardFault_Handler                        0x08005679   Thumb Code     4  stm32l0xx_it.o(.text.HardFault_Handler)
    MyErrorHandlerADC                        0x08005ef9   Thumb Code     4  main.o(.text.MyErrorHandlerADC)
    NMI_Handler                              0x08005efd   Thumb Code     4  stm32l0xx_it.o(.text.NMI_Handler)
    PVD_IRQHandler                           0x08005f01   Thumb Code     8  stm32l0xx_it.o(.text.PVD_IRQHandler)
    PendSV_Handler                           0x08005f09   Thumb Code     2  stm32l0xx_it.o(.text.PendSV_Handler)
    SVC_Handler                              0x08005f0b   Thumb Code     2  stm32l0xx_it.o(.text.SVC_Handler)
    SysTick_Handler                          0x08005f5d   Thumb Code     8  stm32l0xx_it.o(.text.SysTick_Handler)
    SystemClock_Config                       0x08005f65   Thumb Code   164  main.o(.text.SystemClock_Config)
    SystemInit                               0x0800600d   Thumb Code     2  system_stm32l0xx.o(.text.SystemInit)
    TIM3_IRQHandler                          0x08006011   Thumb Code    12  stm32l0xx_it.o(.text.TIM3_IRQHandler)
    TIM6_DAC_IRQHandler                      0x08006021   Thumb Code    12  stm32l0xx_it.o(.text.TIM6_DAC_IRQHandler)
    TIM7_IRQHandler                          0x08006031   Thumb Code    12  stm32l0xx_it.o(.text.TIM7_IRQHandler)
    UART_AdvFeatureConfig                    0x08006215   Thumb Code   346  stm32l0xx_hal_uart.o(.text.UART_AdvFeatureConfig)
    UART_CheckIdleState                      0x08006371   Thumb Code   344  stm32l0xx_hal_uart.o(.text.UART_CheckIdleState)
    UART_SetConfig                           0x08006905   Thumb Code  1252  stm32l0xx_hal_uart.o(.text.UART_SetConfig)
    UART_Start_Receive_IT                    0x08006e09   Thumb Code   404  stm32l0xx_hal_uart.o(.text.UART_Start_Receive_IT)
    UART_WaitOnFlagUntilTimeout              0x08006fa9   Thumb Code   264  stm32l0xx_hal_uart.o(.text.UART_WaitOnFlagUntilTimeout)
    USART1_IRQHandler                        0x080070b1   Thumb Code    12  stm32l0xx_it.o(.text.USART1_IRQHandler)
    displayInfo                              0x0800716d   Thumb Code   296  main.o(.text.displayInfo)
    main                                     0x080072bd   Thumb Code    88  main.o(.text.main)
    sendAverageDataUART                      0x08007329   Thumb Code    96  main.o(.text.sendAverageDataUART)
    ssd1306_DrawPixel                        0x08007395   Thumb Code   140  ssd1306.o(.text.ssd1306_DrawPixel)
    ssd1306_Fill                             0x08007421   Thumb Code    64  ssd1306.o(.text.ssd1306_Fill)
    ssd1306_Init                             0x08007461   Thumb Code   528  ssd1306.o(.text.ssd1306_Init)
    ssd1306_SetCursor                        0x08007671   Thumb Code    28  ssd1306.o(.text.ssd1306_SetCursor)
    ssd1306_UpdateScreen                     0x08007691   Thumb Code   100  ssd1306.o(.text.ssd1306_UpdateScreen)
    ssd1306_WriteChar                        0x080076f9   Thumb Code   240  ssd1306.o(.text.ssd1306_WriteChar)
    ssd1306_WriteString                      0x08007815   Thumb Code    88  ssd1306.o(.text.ssd1306_WriteString)
    startConvADC                             0x0800786d   Thumb Code    28  main.o(.text.startConvADC)
    __ARM_common_ll_muluu                    0x08007891   Thumb Code    48  btod.o(i.__ARM_common_ll_muluu)
    __ARM_fpclassify                         0x080078c1   Thumb Code    40  fpclassify.o(i.__ARM_fpclassify)
    __aeabi_fcmpge                           0x080078ed   Thumb Code     0  fcmp.o(i._fgeq)
    _fgeq                                    0x080078ed   Thumb Code    22  fcmp.o(i._fgeq)
    __aeabi_fcmple                           0x08007903   Thumb Code     0  fcmp.o(i._fleq)
    _fleq                                    0x08007903   Thumb Code    26  fcmp.o(i._fleq)
    _is_digit                                0x0800791d   Thumb Code    14  __printf_wp.o(i._is_digit)
    _get_lc_numeric                          0x0800792d   Thumb Code    44  lc_numeric_c.o(locale$$code)
    _get_lc_ctype                            0x08007959   Thumb Code    44  lc_ctype_c.o(locale$$code)
    __aeabi_fadd                             0x08007985   Thumb Code     0  faddsub.o(x$fpl$fadd)
    _fadd                                    0x08007985   Thumb Code   134  faddsub.o(x$fpl$fadd)
    _fcmpge                                  0x08007a11   Thumb Code    78  fgef.o(x$fpl$fgeqf)
    __aeabi_cfcmple                          0x08007a65   Thumb Code     0  flef.o(x$fpl$fleqf)
    _fcmple                                  0x08007a65   Thumb Code    78  flef.o(x$fpl$fleqf)
    __aeabi_fmul                             0x08007ab9   Thumb Code     0  fmul.o(x$fpl$fmul)
    _fmul                                    0x08007ab9   Thumb Code   172  fmul.o(x$fpl$fmul)
    __aeabi_fsub                             0x08007b69   Thumb Code     0  faddsub.o(x$fpl$fsub)
    _fsub                                    0x08007b69   Thumb Code   204  faddsub.o(x$fpl$fsub)
    _printf_fp_dec                           0x08007c39   Thumb Code    16  printf1.o(x$fpl$printf1)
    _printf_fp_hex                           0x08007c49   Thumb Code    16  printf2.o(x$fpl$printf2)
    __I$use$fp                               0x08007c58   Number         0  usenofp.o(x$fpl$usenofp)
    AHBPrescTable                            0x08007d94   Data          16  system_stm32l0xx.o(.rodata.AHBPrescTable)
    APBPrescTable                            0x08007da4   Data           8  system_stm32l0xx.o(.rodata.APBPrescTable)
    PLLMulTable                              0x08008b08   Data           9  system_stm32l0xx.o(.rodata.PLLMulTable)
    Region$$Table$$Base                      0x08008b64   Number         0  anon$$obj.o(Region$$Table)
    Region$$Table$$Limit                     0x08008b84   Number         0  anon$$obj.o(Region$$Table)
    __ctype                                  0x08008bad   Data           0  lc_ctype_c.o(locale$$data)
    Font_11x18                               0x20000000   Data           8  fonts.o(.data.Font_11x18)
    SystemCoreClock                          0x20000008   Data           4  system_stm32l0xx.o(.data.SystemCoreClock)
    rref1                                    0x2000000c   Data           4  main.o(.data.rref1)
    rref2                                    0x20000010   Data           4  main.o(.data.rref2)
    uwTickFreq                               0x20000014   Data           1  stm32l0xx_hal.o(.data.uwTickFreq)
    uwTickPrio                               0x20000018   Data           4  stm32l0xx_hal.o(.data.uwTickPrio)
    __libspace_start                         0x20000020   Data          96  libspace.o(.bss)
    AverageSensorsADC                        0x20000080   Data           8  main.o(.bss.AverageSensorsADC)
    __temporary_stack_top$libspace           0x20000080   Data           0  libspace.o(.bss)
    DataBufferADC                            0x20000088   Data          20  main.o(.bss.DataBufferADC)
    NTC_Resistance                           0x2000009c   Data           8  main.o(.bss.NTC_Resistance)
    SumSensorsADC                            0x200004ac   Data           8  main.o(.bss.SumSensorsADC)
    hadc                                     0x200004b8   Data          92  main.o(.bss.hadc)
    hdma_adc                                 0x20000514   Data          72  main.o(.bss.hdma_adc)
    hi2c1                                    0x2000055c   Data          84  main.o(.bss.hi2c1)
    htim3                                    0x200005b0   Data          64  main.o(.bss.htim3)
    htim6                                    0x200005f0   Data          64  main.o(.bss.htim6)
    htim7                                    0x20000630   Data          64  main.o(.bss.htim7)
    huart1                                   0x20000670   Data         136  main.o(.bss.huart1)
    sample                                   0x200006f8   Data           1  main.o(.bss.sample)
    uart_rx_buffer                           0x200006f9   Data           8  main.o(.bss.uart_rx_buffer)
    uwTick                                   0x20000704   Data           4  stm32l0xx_hal.o(.bss.uwTick)



==============================================================================

Memory Map of the image

  Image Entry point : 0x080000c1

  Load Region LR_IROM1 (Base: 0x08000000, Size: 0x00008cd0, Max: 0x00030000, ABSOLUTE)

    Execution Region ER_IROM1 (Exec base: 0x08000000, Load base: 0x08000000, Size: 0x00008cb0, Max: 0x00030000, ABSOLUTE)

    Exec Addr    Load Addr    Size         Type   Attr      Idx    E Section Name        Object

    0x08000000   0x08000000   0x000000c0   Data   RO            3    RESET               startup_stm32l073xx.o
    0x080000c0   0x080000c0   0x00000008   Code   RO         1368  * !!!main             c_p.l(__main.o)
    0x080000c8   0x080000c8   0x00000054   Code   RO         1760    !!!scatter          c_p.l(__scatter.o)
    0x0800011c   0x0800011c   0x0000001a   Code   RO         1764    !!handler_copy      c_p.l(__scatter_copy.o)
    0x08000136   0x08000136   0x00000002   PAD
    0x08000138   0x08000138   0x00000002   Code   RO         1761    !!handler_null      c_p.l(__scatter.o)
    0x0800013a   0x0800013a   0x00000002   PAD
    0x0800013c   0x0800013c   0x0000001c   Code   RO         1766    !!handler_zi        c_p.l(__scatter_zi.o)
    0x08000158   0x08000158   0x00000002   Code   RO         1501    .ARM.Collect$$_printf_percent$$00000000  c_p.l(_printf_percent.o)
    0x0800015a   0x0800015a   0x0000000a   Code   RO         1490    .ARM.Collect$$_printf_percent$$00000001  c_p.l(_printf_n.o)
    0x08000164   0x08000164   0x0000000a   Code   RO         1492    .ARM.Collect$$_printf_percent$$00000002  c_p.l(_printf_p.o)
    0x0800016e   0x0800016e   0x0000000a   Code   RO         1497    .ARM.Collect$$_printf_percent$$00000003  c_p.l(_printf_f.o)
    0x08000178   0x08000178   0x0000000a   Code   RO         1498    .ARM.Collect$$_printf_percent$$00000004  c_p.l(_printf_e.o)
    0x08000182   0x08000182   0x0000000a   Code   RO         1499    .ARM.Collect$$_printf_percent$$00000005  c_p.l(_printf_g.o)
    0x0800018c   0x0800018c   0x0000000a   Code   RO         1500    .ARM.Collect$$_printf_percent$$00000006  c_p.l(_printf_a.o)
    0x08000196   0x08000196   0x0000000a   Code   RO         1505    .ARM.Collect$$_printf_percent$$00000007  c_p.l(_printf_ll.o)
    0x080001a0   0x080001a0   0x0000000a   Code   RO         1494    .ARM.Collect$$_printf_percent$$00000008  c_p.l(_printf_i.o)
    0x080001aa   0x080001aa   0x0000000a   Code   RO         1495    .ARM.Collect$$_printf_percent$$00000009  c_p.l(_printf_d.o)
    0x080001b4   0x080001b4   0x0000000a   Code   RO         1496    .ARM.Collect$$_printf_percent$$0000000A  c_p.l(_printf_u.o)
    0x080001be   0x080001be   0x0000000a   Code   RO         1493    .ARM.Collect$$_printf_percent$$0000000B  c_p.l(_printf_o.o)
    0x080001c8   0x080001c8   0x0000000a   Code   RO         1491    .ARM.Collect$$_printf_percent$$0000000C  c_p.l(_printf_x.o)
    0x080001d2   0x080001d2   0x0000000a   Code   RO         1502    .ARM.Collect$$_printf_percent$$0000000D  c_p.l(_printf_lli.o)
    0x080001dc   0x080001dc   0x0000000a   Code   RO         1503    .ARM.Collect$$_printf_percent$$0000000E  c_p.l(_printf_lld.o)
    0x080001e6   0x080001e6   0x0000000a   Code   RO         1504    .ARM.Collect$$_printf_percent$$0000000F  c_p.l(_printf_llu.o)
    0x080001f0   0x080001f0   0x0000000a   Code   RO         1509    .ARM.Collect$$_printf_percent$$00000010  c_p.l(_printf_llo.o)
    0x080001fa   0x080001fa   0x0000000a   Code   RO         1510    .ARM.Collect$$_printf_percent$$00000011  c_p.l(_printf_llx.o)
    0x08000204   0x08000204   0x0000000a   Code   RO         1506    .ARM.Collect$$_printf_percent$$00000012  c_p.l(_printf_l.o)
    0x0800020e   0x0800020e   0x0000000a   Code   RO         1488    .ARM.Collect$$_printf_percent$$00000013  c_p.l(_printf_c.o)
    0x08000218   0x08000218   0x0000000a   Code   RO         1489    .ARM.Collect$$_printf_percent$$00000014  c_p.l(_printf_s.o)
    0x08000222   0x08000222   0x0000000a   Code   RO         1507    .ARM.Collect$$_printf_percent$$00000015  c_p.l(_printf_lc.o)
    0x0800022c   0x0800022c   0x0000000a   Code   RO         1508    .ARM.Collect$$_printf_percent$$00000016  c_p.l(_printf_ls.o)
    0x08000236   0x08000236   0x00000004   Code   RO         1560    .ARM.Collect$$_printf_percent$$00000017  c_p.l(_printf_percent_end.o)
    0x0800023a   0x0800023a   0x00000002   Code   RO         1602    .ARM.Collect$$libinit$$00000000  c_p.l(libinit.o)
    0x0800023c   0x0800023c   0x00000000   Code   RO         1631    .ARM.Collect$$libinit$$00000002  c_p.l(libinit2.o)
    0x0800023c   0x0800023c   0x00000000   Code   RO         1633    .ARM.Collect$$libinit$$00000004  c_p.l(libinit2.o)
    0x0800023c   0x0800023c   0x00000000   Code   RO         1635    .ARM.Collect$$libinit$$00000006  c_p.l(libinit2.o)
    0x0800023c   0x0800023c   0x00000000   Code   RO         1638    .ARM.Collect$$libinit$$0000000C  c_p.l(libinit2.o)
    0x0800023c   0x0800023c   0x00000000   Code   RO         1640    .ARM.Collect$$libinit$$0000000E  c_p.l(libinit2.o)
    0x0800023c   0x0800023c   0x00000000   Code   RO         1642    .ARM.Collect$$libinit$$00000010  c_p.l(libinit2.o)
    0x0800023c   0x0800023c   0x00000006   Code   RO         1643    .ARM.Collect$$libinit$$00000011  c_p.l(libinit2.o)
    0x08000242   0x08000242   0x00000000   Code   RO         1645    .ARM.Collect$$libinit$$00000013  c_p.l(libinit2.o)
    0x08000242   0x08000242   0x0000000c   Code   RO         1646    .ARM.Collect$$libinit$$00000014  c_p.l(libinit2.o)
    0x0800024e   0x0800024e   0x00000000   Code   RO         1647    .ARM.Collect$$libinit$$00000015  c_p.l(libinit2.o)
    0x0800024e   0x0800024e   0x00000000   Code   RO         1649    .ARM.Collect$$libinit$$00000017  c_p.l(libinit2.o)
    0x0800024e   0x0800024e   0x0000000a   Code   RO         1650    .ARM.Collect$$libinit$$00000018  c_p.l(libinit2.o)
    0x08000258   0x08000258   0x00000000   Code   RO         1651    .ARM.Collect$$libinit$$00000019  c_p.l(libinit2.o)
    0x08000258   0x08000258   0x00000000   Code   RO         1653    .ARM.Collect$$libinit$$0000001B  c_p.l(libinit2.o)
    0x08000258   0x08000258   0x00000000   Code   RO         1655    .ARM.Collect$$libinit$$0000001D  c_p.l(libinit2.o)
    0x08000258   0x08000258   0x00000000   Code   RO         1657    .ARM.Collect$$libinit$$0000001F  c_p.l(libinit2.o)
    0x08000258   0x08000258   0x00000000   Code   RO         1659    .ARM.Collect$$libinit$$00000021  c_p.l(libinit2.o)
    0x08000258   0x08000258   0x00000000   Code   RO         1661    .ARM.Collect$$libinit$$00000023  c_p.l(libinit2.o)
    0x08000258   0x08000258   0x00000000   Code   RO         1663    .ARM.Collect$$libinit$$00000025  c_p.l(libinit2.o)
    0x08000258   0x08000258   0x00000000   Code   RO         1665    .ARM.Collect$$libinit$$00000027  c_p.l(libinit2.o)
    0x08000258   0x08000258   0x00000000   Code   RO         1669    .ARM.Collect$$libinit$$0000002E  c_p.l(libinit2.o)
    0x08000258   0x08000258   0x00000000   Code   RO         1671    .ARM.Collect$$libinit$$00000030  c_p.l(libinit2.o)
    0x08000258   0x08000258   0x00000000   Code   RO         1673    .ARM.Collect$$libinit$$00000032  c_p.l(libinit2.o)
    0x08000258   0x08000258   0x00000000   Code   RO         1675    .ARM.Collect$$libinit$$00000034  c_p.l(libinit2.o)
    0x08000258   0x08000258   0x00000002   Code   RO         1676    .ARM.Collect$$libinit$$00000035  c_p.l(libinit2.o)
    0x0800025a   0x0800025a   0x00000002   Code   RO         1715    .ARM.Collect$$libshutdown$$00000000  c_p.l(libshutdown.o)
    0x0800025c   0x0800025c   0x00000000   Code   RO         1743    .ARM.Collect$$libshutdown$$00000002  c_p.l(libshutdown2.o)
    0x0800025c   0x0800025c   0x00000000   Code   RO         1745    .ARM.Collect$$libshutdown$$00000004  c_p.l(libshutdown2.o)
    0x0800025c   0x0800025c   0x00000000   Code   RO         1748    .ARM.Collect$$libshutdown$$00000007  c_p.l(libshutdown2.o)
    0x0800025c   0x0800025c   0x00000000   Code   RO         1751    .ARM.Collect$$libshutdown$$0000000A  c_p.l(libshutdown2.o)
    0x0800025c   0x0800025c   0x00000000   Code   RO         1753    .ARM.Collect$$libshutdown$$0000000C  c_p.l(libshutdown2.o)
    0x0800025c   0x0800025c   0x00000000   Code   RO         1756    .ARM.Collect$$libshutdown$$0000000F  c_p.l(libshutdown2.o)
    0x0800025c   0x0800025c   0x00000002   Code   RO         1757    .ARM.Collect$$libshutdown$$00000010  c_p.l(libshutdown2.o)
    0x0800025e   0x0800025e   0x00000000   Code   RO         1409    .ARM.Collect$$rtentry$$00000000  c_p.l(__rtentry.o)
    0x0800025e   0x0800025e   0x00000000   Code   RO         1527    .ARM.Collect$$rtentry$$00000002  c_p.l(__rtentry2.o)
    0x0800025e   0x0800025e   0x00000006   Code   RO         1539    .ARM.Collect$$rtentry$$00000004  c_p.l(__rtentry4.o)
    0x08000264   0x08000264   0x00000000   Code   RO         1529    .ARM.Collect$$rtentry$$00000009  c_p.l(__rtentry2.o)
    0x08000264   0x08000264   0x00000004   Code   RO         1530    .ARM.Collect$$rtentry$$0000000A  c_p.l(__rtentry2.o)
    0x08000268   0x08000268   0x00000000   Code   RO         1532    .ARM.Collect$$rtentry$$0000000C  c_p.l(__rtentry2.o)
    0x08000268   0x08000268   0x00000008   Code   RO         1533    .ARM.Collect$$rtentry$$0000000D  c_p.l(__rtentry2.o)
    0x08000270   0x08000270   0x00000002   Code   RO         1615    .ARM.Collect$$rtexit$$00000000  c_p.l(rtexit.o)
    0x08000272   0x08000272   0x00000000   Code   RO         1684    .ARM.Collect$$rtexit$$00000002  c_p.l(rtexit2.o)
    0x08000272   0x08000272   0x00000004   Code   RO         1685    .ARM.Collect$$rtexit$$00000003  c_p.l(rtexit2.o)
    0x08000276   0x08000276   0x00000006   Code   RO         1686    .ARM.Collect$$rtexit$$00000004  c_p.l(rtexit2.o)
    0x0800027c   0x0800027c   0x00000038   Code   RO            4    .text               startup_stm32l073xx.o
    0x080002b4   0x080002b4   0x00000110   Code   RO         1354    .text               c_p.l(lludiv.o)
    0x080003c4   0x080003c4   0x0000002c   Code   RO         1356    .text               c_p.l(sprintf.o)
    0x080003f0   0x080003f0   0x00000040   Code   RO         1358    .text               c_p.l(snprintf.o)
    0x08000430   0x08000430   0x00000040   Code   RO         1360    .text               c_p.l(rt_memclr.o)
    0x08000470   0x08000470   0x0000016c   Code   RO         1362    .text               c_p.l(aeabi_sdiv.o)
    0x080005dc   0x080005dc   0x00000006   Code   RO         1366    .text               c_p.l(heapauxi.o)
    0x080005e2   0x080005e2   0x00000002   PAD
    0x080005e4   0x080005e4   0x00000054   Code   RO         1370    .text               fz_ps.l(f2d.o)
    0x08000638   0x08000638   0x00000160   Code   RO         1402    .text               fz_ps.l(fdiv.o)
    0x08000798   0x08000798   0x0000005e   Code   RO         1405    .text               fz_ps.l(fflti.o)
    0x080007f6   0x080007f6   0x0000004e   Code   RO         1420    .text               c_p.l(_printf_pad.o)
    0x08000844   0x08000844   0x00000024   Code   RO         1422    .text               c_p.l(_printf_truncate.o)
    0x08000868   0x08000868   0x00000052   Code   RO         1424    .text               c_p.l(_printf_str.o)
    0x080008ba   0x080008ba   0x00000002   PAD
    0x080008bc   0x080008bc   0x0000006c   Code   RO         1426    .text               c_p.l(_printf_dec.o)
    0x08000928   0x08000928   0x00000026   Code   RO         1428    .text               c_p.l(_printf_charcount.o)
    0x0800094e   0x0800094e   0x00000002   PAD
    0x08000950   0x08000950   0x00000030   Code   RO         1430    .text               c_p.l(_printf_char_common.o)
    0x08000980   0x08000980   0x0000000a   Code   RO         1432    .text               c_p.l(_sputc.o)
    0x0800098a   0x0800098a   0x00000010   Code   RO         1434    .text               c_p.l(_snputc.o)
    0x0800099a   0x0800099a   0x00000002   PAD
    0x0800099c   0x0800099c   0x000000bc   Code   RO         1436    .text               c_p.l(_printf_wctomb.o)
    0x08000a58   0x08000a58   0x00000070   Code   RO         1439    .text               c_p.l(_printf_longlong_dec.o)
    0x08000ac8   0x08000ac8   0x00000070   Code   RO         1445    .text               c_p.l(_printf_oct_int_ll.o)
    0x08000b38   0x08000b38   0x00000098   Code   RO         1465    .text               c_p.l(_printf_hex_int_ll_ptr.o)
    0x08000bd0   0x08000bd0   0x00000188   Code   RO         1485    .text               c_p.l(__printf_flags_ss_wp.o)
    0x08000d58   0x08000d58   0x0000007a   Code   RO         1543    .text               c_p.l(lludiv10.o)
    0x08000dd2   0x08000dd2   0x000000b0   Code   RO         1545    .text               c_p.l(_printf_intcommon.o)
    0x08000e82   0x08000e82   0x00000002   PAD
    0x08000e84   0x08000e84   0x00000414   Code   RO         1547    .text               c_p.l(_printf_fp_dec.o)
    0x08001298   0x08001298   0x000002d8   Code   RO         1551    .text               c_p.l(_printf_fp_hex.o)
    0x08001570   0x08001570   0x0000002e   Code   RO         1556    .text               c_p.l(_printf_char.o)
    0x0800159e   0x0800159e   0x0000002e   Code   RO         1558    .text               c_p.l(_printf_wchar.o)
    0x080015cc   0x080015cc   0x00000042   Code   RO         1561    .text               c_p.l(_c16rtomb.o)
    0x0800160e   0x0800160e   0x00000028   Code   RO         1563    .text               c_p.l(rtudiv10.o)
    0x08001636   0x08001636   0x00000002   PAD
    0x08001638   0x08001638   0x00000064   Code   RO         1565    .text               fz_ps.l(fcmpin.o)
    0x0800169c   0x0800169c   0x0000003e   Code   RO         1567    .text               c_p.l(sys_stackheap_outer.o)
    0x080016da   0x080016da   0x00000002   PAD
    0x080016dc   0x080016dc   0x00000010   Code   RO         1570    .text               c_p.l(rt_ctype_table.o)
    0x080016ec   0x080016ec   0x00000008   Code   RO         1575    .text               c_p.l(rt_locale_intlibspace.o)
    0x080016f4   0x080016f4   0x00000088   Code   RO         1577    .text               c_p.l(_printf_fp_infnan.o)
    0x0800177c   0x0800177c   0x000000d8   Code   RO         1579    .text               c_p.l(bigflt0.o)
    0x08001854   0x08001854   0x00000580   Code   RO         1582    .text               c_p.l(btod.o)
    0x08001dd4   0x08001dd4   0x00000010   Code   RO         1591    .text               c_p.l(exit.o)
    0x08001de4   0x08001de4   0x0000002e   Code   RO         1603    .text               fz_ps.l(cmpret.o)
    0x08001e12   0x08001e12   0x00000002   PAD
    0x08001e14   0x08001e14   0x00000010   Code   RO         1605    .text               fz_ps.l(fnan2.o)
    0x08001e24   0x08001e24   0x00000008   Code   RO         1611    .text               c_p.l(libspace.o)
    0x08001e2c   0x08001e2c   0x00000088   Code   RO         1628    .text               c_p.l(strcmp.o)
    0x08001eb4   0x08001eb4   0x0000005e   Code   RO         1677    .text               fz_ps.l(retnan.o)
    0x08001f12   0x08001f12   0x00000002   PAD
    0x08001f14   0x08001f14   0x0000000c   Code   RO         1679    .text               c_p.l(sys_exit.o)
    0x08001f20   0x08001f20   0x00000002   Code   RO         1704    .text               c_p.l(use_no_semi.o)
    0x08001f22   0x08001f22   0x00000000   Code   RO         1706    .text               c_p.l(indicate_semi.o)
    0x08001f22   0x08001f22   0x000000b0   Code   RO          194    .text.ADC_DMAConvCplt  stm32l0xx_hal_adc.o
    0x08001fd2   0x08001fd2   0x0000002a   Code   RO          198    .text.ADC_DMAError  stm32l0xx_hal_adc.o
    0x08001ffc   0x08001ffc   0x00000016   Code   RO          196    .text.ADC_DMAHalfConvCplt  stm32l0xx_hal_adc.o
    0x08002012   0x08002012   0x00000002   PAD
    0x08002014   0x08002014   0x00000038   Code   RO          216    .text.ADC_DelayMicroSecond  stm32l0xx_hal_adc.o
    0x0800204c   0x0800204c   0x000000d0   Code   RO          180    .text.ADC_Enable    stm32l0xx_hal_adc.o
    0x0800211c   0x0800211c   0x00000010   Code   RO          124    .text.DMA1_Channel1_IRQHandler  stm32l0xx_it.o
    0x0800212c   0x0800212c   0x00000054   Code   RO          737    .text.DMA_SetConfig  stm32l0xx_hal_dma.o
    0x08002180   0x08002180   0x0000000e   Code   RO           83    .text.Error_Handler  main.o
    0x0800218e   0x0800218e   0x00000002   PAD
    0x08002190   0x08002190   0x00000160   Code   RO          214    .text.HAL_ADC_ConfigChannel  stm32l0xx_hal_adc.o
    0x080022f0   0x080022f0   0x00000150   Code   RO           59    .text.HAL_ADC_ConvCpltCallback  main.o
    0x08002440   0x08002440   0x00000008   Code   RO          212    .text.HAL_ADC_ConvHalfCpltCallback  stm32l0xx_hal_adc.o
    0x08002448   0x08002448   0x00000008   Code   RO          210    .text.HAL_ADC_ErrorCallback  stm32l0xx_hal_adc.o
    0x08002450   0x08002450   0x000002b0   Code   RO          166    .text.HAL_ADC_Init  stm32l0xx_hal_adc.o
    0x08002700   0x08002700   0x000000b4   Code   RO          143    .text.HAL_ADC_MspInit  stm32l0xx_hal_msp.o
    0x080027b4   0x080027b4   0x0000010c   Code   RO          192    .text.HAL_ADC_Start_DMA  stm32l0xx_hal_adc.o
    0x080028c0   0x080028c0   0x0000007a   Code   RO          741    .text.HAL_DMA_Abort  stm32l0xx_hal_dma.o
    0x0800293a   0x0800293a   0x0000007c   Code   RO          743    .text.HAL_DMA_Abort_IT  stm32l0xx_hal_dma.o
    0x080029b6   0x080029b6   0x0000015c   Code   RO          747    .text.HAL_DMA_IRQHandler  stm32l0xx_hal_dma.o
    0x08002b12   0x08002b12   0x00000002   PAD
    0x08002b14   0x08002b14   0x000000dc   Code   RO          731    .text.HAL_DMA_Init  stm32l0xx_hal_dma.o
    0x08002bf0   0x08002bf0   0x000000ca   Code   RO          739    .text.HAL_DMA_Start_IT  stm32l0xx_hal_dma.o
    0x08002cba   0x08002cba   0x00000002   PAD
    0x08002cbc   0x08002cbc   0x00000044   Code   RO          272    .text.HAL_Delay     stm32l0xx_hal.o
    0x08002d00   0x08002d00   0x00000314   Code   RO          708    .text.HAL_GPIO_Init  stm32l0xx_hal_gpio.o
    0x08003014   0x08003014   0x0000002c   Code   RO          714    .text.HAL_GPIO_WritePin  stm32l0xx_hal_gpio.o
    0x08003040   0x08003040   0x0000000c   Code   RO          264    .text.HAL_GetTick   stm32l0xx_hal.o
    0x0800304c   0x0800304c   0x00000096   Code   RO          493    .text.HAL_I2CEx_ConfigAnalogFilter  stm32l0xx_hal_i2c_ex.o
    0x080030e2   0x080030e2   0x000000a0   Code   RO          495    .text.HAL_I2CEx_ConfigDigitalFilter  stm32l0xx_hal_i2c_ex.o
    0x08003182   0x08003182   0x00000002   PAD
    0x08003184   0x08003184   0x00000120   Code   RO          324    .text.HAL_I2C_Init  stm32l0xx_hal_i2c.o
    0x080032a4   0x080032a4   0x0000025c   Code   RO          388    .text.HAL_I2C_Mem_Write  stm32l0xx_hal_i2c.o
    0x08003500   0x08003500   0x00000070   Code   RO          147    .text.HAL_I2C_MspInit  stm32l0xx_hal_msp.o
    0x08003570   0x08003570   0x00000014   Code   RO          262    .text.HAL_IncTick   stm32l0xx_hal.o
    0x08003584   0x08003584   0x00000038   Code   RO          252    .text.HAL_Init      stm32l0xx_hal.o
    0x080035bc   0x080035bc   0x00000070   Code   RO          254    .text.HAL_InitTick  stm32l0xx_hal.o
    0x0800362c   0x0800362c   0x00000034   Code   RO          141    .text.HAL_MspInit   stm32l0xx_hal_msp.o
    0x08003660   0x08003660   0x00000016   Code   RO          830    .text.HAL_NVIC_EnableIRQ  stm32l0xx_hal_cortex.o
    0x08003676   0x08003676   0x0000001c   Code   RO          826    .text.HAL_NVIC_SetPriority  stm32l0xx_hal_cortex.o
    0x08003692   0x08003692   0x00000002   Code   RO          796    .text.HAL_PWR_PVDCallback  stm32l0xx_hal_pwr.o
    0x08003694   0x08003694   0x00000024   Code   RO          794    .text.HAL_PWR_PVD_IRQHandler  stm32l0xx_hal_pwr.o
    0x080036b8   0x080036b8   0x0000036c   Code   RO          545    .text.HAL_RCCEx_PeriphCLKConfig  stm32l0xx_hal_rcc_ex.o
    0x08003a24   0x08003a24   0x000002f8   Code   RO          518    .text.HAL_RCC_ClockConfig  stm32l0xx_hal_rcc.o
    0x08003d1c   0x08003d1c   0x0000000c   Code   RO          524    .text.HAL_RCC_GetHCLKFreq  stm32l0xx_hal_rcc.o
    0x08003d28   0x08003d28   0x0000001c   Code   RO          526    .text.HAL_RCC_GetPCLK1Freq  stm32l0xx_hal_rcc.o
    0x08003d44   0x08003d44   0x00000020   Code   RO          528    .text.HAL_RCC_GetPCLK2Freq  stm32l0xx_hal_rcc.o
    0x08003d64   0x08003d64   0x00000120   Code   RO          516    .text.HAL_RCC_GetSysClockFreq  stm32l0xx_hal_rcc.o
    0x08003e84   0x08003e84   0x00000870   Code   RO          514    .text.HAL_RCC_OscConfig  stm32l0xx_hal_rcc.o
    0x080046f4   0x080046f4   0x00000010   Code   RO          842    .text.HAL_SYSTICK_Config  stm32l0xx_hal_cortex.o
    0x08004704   0x08004704   0x000000cc   Code   RO         1155    .text.HAL_TIMEx_MasterConfigSynchronization  stm32l0xx_hal_tim_ex.o
    0x080047d0   0x080047d0   0x00000080   Code   RO          910    .text.HAL_TIM_Base_Init  stm32l0xx_hal_tim.o
    0x08004850   0x08004850   0x00000098   Code   RO          151    .text.HAL_TIM_Base_MspInit  stm32l0xx_hal_msp.o
    0x080048e8   0x080048e8   0x000000ac   Code   RO          924    .text.HAL_TIM_Base_Start_IT  stm32l0xx_hal_tim.o
    0x08004994   0x08004994   0x0000018a   Code   RO         1102    .text.HAL_TIM_ConfigClockSource  stm32l0xx_hal_tim.o
    0x08004b1e   0x08004b1e   0x00000008   Code   RO         1046    .text.HAL_TIM_IC_CaptureCallback  stm32l0xx_hal_tim.o
    0x08004b26   0x08004b26   0x000001ce   Code   RO         1044    .text.HAL_TIM_IRQHandler  stm32l0xx_hal_tim.o
    0x08004cf4   0x08004cf4   0x00000008   Code   RO         1048    .text.HAL_TIM_OC_DelayElapsedCallback  stm32l0xx_hal_tim.o
    0x08004cfc   0x08004cfc   0x00000008   Code   RO         1050    .text.HAL_TIM_PWM_PulseFinishedCallback  stm32l0xx_hal_tim.o
    0x08004d04   0x08004d04   0x00000034   Code   RO           57    .text.HAL_TIM_PeriodElapsedCallback  main.o
    0x08004d38   0x08004d38   0x00000008   Code   RO         1054    .text.HAL_TIM_TriggerCallback  stm32l0xx_hal_tim.o
    0x08004d40   0x08004d40   0x0000000c   Code   RO         1256    .text.HAL_UARTEx_RxEventCallback  stm32l0xx_hal_uart.o
    0x08004d4c   0x08004d4c   0x00000008   Code   RO         1307    .text.HAL_UARTEx_WakeupCallback  stm32l0xx_hal_uart_ex.o
    0x08004d54   0x08004d54   0x00000008   Code   RO         1254    .text.HAL_UART_ErrorCallback  stm32l0xx_hal_uart.o
    0x08004d5c   0x08004d5c   0x0000054c   Code   RO         1250    .text.HAL_UART_IRQHandler  stm32l0xx_hal_uart.o
    0x080052a8   0x080052a8   0x000000b0   Code   RO         1166    .text.HAL_UART_Init  stm32l0xx_hal_uart.o
    0x08005358   0x08005358   0x00000080   Code   RO          155    .text.HAL_UART_MspInit  stm32l0xx_hal_msp.o
    0x080053d8   0x080053d8   0x000000d8   Code   RO         1198    .text.HAL_UART_Receive_IT  stm32l0xx_hal_uart.o
    0x080054b0   0x080054b0   0x0000005c   Code   RO           61    .text.HAL_UART_RxCpltCallback  main.o
    0x0800550c   0x0800550c   0x00000164   Code   RO         1186    .text.HAL_UART_Transmit  stm32l0xx_hal_uart.o
    0x08005670   0x08005670   0x00000008   Code   RO         1260    .text.HAL_UART_TxCpltCallback  stm32l0xx_hal_uart.o
    0x08005678   0x08005678   0x00000004   Code   RO          114    .text.HardFault_Handler  stm32l0xx_it.o
    0x0800567c   0x0800567c   0x00000040   Code   RO          348    .text.I2C_Flush_TXDR  stm32l0xx_hal_i2c.o
    0x080056bc   0x080056bc   0x000001f8   Code   RO          484    .text.I2C_IsErrorOccurred  stm32l0xx_hal_i2c.o
    0x080058b4   0x080058b4   0x000000bc   Code   RO          390    .text.I2C_RequestMemoryWrite  stm32l0xx_hal_i2c.o
    0x08005970   0x08005970   0x00000054   Code   RO          336    .text.I2C_TransferConfig  stm32l0xx_hal_i2c.o
    0x080059c4   0x080059c4   0x000000c2   Code   RO          334    .text.I2C_WaitOnFlagUntilTimeout  stm32l0xx_hal_i2c.o
    0x08005a86   0x08005a86   0x000000a0   Code   RO          340    .text.I2C_WaitOnSTOPFlagUntilTimeout  stm32l0xx_hal_i2c.o
    0x08005b26   0x08005b26   0x000000ac   Code   RO          338    .text.I2C_WaitOnTXISFlagUntilTimeout  stm32l0xx_hal_i2c.o
    0x08005bd2   0x08005bd2   0x00000002   PAD
    0x08005bd4   0x08005bd4   0x000000a0   Code   RO           75    .text.MX_ADC_Init   main.o
    0x08005c74   0x08005c74   0x00000034   Code   RO           69    .text.MX_DMA_Init   main.o
    0x08005ca8   0x08005ca8   0x00000088   Code   RO           67    .text.MX_GPIO_Init  main.o
    0x08005d30   0x08005d30   0x0000006c   Code   RO           73    .text.MX_I2C1_Init  main.o
    0x08005d9c   0x08005d9c   0x00000074   Code   RO           81    .text.MX_TIM3_Init  main.o
    0x08005e10   0x08005e10   0x00000050   Code   RO           77    .text.MX_TIM6_Init  main.o
    0x08005e60   0x08005e60   0x00000054   Code   RO           71    .text.MX_TIM7_Init  main.o
    0x08005eb4   0x08005eb4   0x00000044   Code   RO           79    .text.MX_USART1_UART_Init  main.o
    0x08005ef8   0x08005ef8   0x00000004   Code   RO           49    .text.MyErrorHandlerADC  main.o
    0x08005efc   0x08005efc   0x00000004   Code   RO          112    .text.NMI_Handler   stm32l0xx_it.o
    0x08005f00   0x08005f00   0x00000008   Code   RO          122    .text.PVD_IRQHandler  stm32l0xx_it.o
    0x08005f08   0x08005f08   0x00000002   Code   RO          118    .text.PendSV_Handler  stm32l0xx_it.o
    0x08005f0a   0x08005f0a   0x00000002   Code   RO          116    .text.SVC_Handler   stm32l0xx_it.o
    0x08005f0c   0x08005f0c   0x00000050   Code   RO          844    .text.SysTick_Config  stm32l0xx_hal_cortex.o
    0x08005f5c   0x08005f5c   0x00000008   Code   RO          120    .text.SysTick_Handler  stm32l0xx_it.o
    0x08005f64   0x08005f64   0x000000a8   Code   RO           65    .text.SystemClock_Config  main.o
    0x0800600c   0x0800600c   0x00000002   Code   RO         1338    .text.SystemInit    system_stm32l0xx.o
    0x0800600e   0x0800600e   0x00000002   PAD
    0x08006010   0x08006010   0x00000010   Code   RO          126    .text.TIM3_IRQHandler  stm32l0xx_it.o
    0x08006020   0x08006020   0x00000010   Code   RO          128    .text.TIM6_DAC_IRQHandler  stm32l0xx_it.o
    0x08006030   0x08006030   0x00000010   Code   RO          130    .text.TIM7_IRQHandler  stm32l0xx_it.o
    0x08006040   0x08006040   0x000000d0   Code   RO          914    .text.TIM_Base_SetConfig  stm32l0xx_hal_tim.o
    0x08006110   0x08006110   0x00000036   Code   RO         1100    .text.TIM_ETR_SetConfig  stm32l0xx_hal_tim.o
    0x08006146   0x08006146   0x0000002a   Code   RO         1106    .text.TIM_ITRx_SetConfig  stm32l0xx_hal_tim.o
    0x08006170   0x08006170   0x00000050   Code   RO         1104    .text.TIM_TI1_ConfigInputStage  stm32l0xx_hal_tim.o
    0x080061c0   0x080061c0   0x00000054   Code   RO         1108    .text.TIM_TI2_ConfigInputStage  stm32l0xx_hal_tim.o
    0x08006214   0x08006214   0x0000015a   Code   RO         1170    .text.UART_AdvFeatureConfig  stm32l0xx_hal_uart.o
    0x0800636e   0x0800636e   0x00000002   PAD
    0x08006370   0x08006370   0x0000015c   Code   RO         1174    .text.UART_CheckIdleState  stm32l0xx_hal_uart.o
    0x080064cc   0x080064cc   0x0000001e   Code   RO         1252    .text.UART_DMAAbortOnError  stm32l0xx_hal_uart.o
    0x080064ea   0x080064ea   0x000000b0   Code   RO         1222    .text.UART_EndRxTransfer  stm32l0xx_hal_uart.o
    0x0800659a   0x0800659a   0x0000004a   Code   RO         1258    .text.UART_EndTransmit_IT  stm32l0xx_hal_uart.o
    0x080065e4   0x080065e4   0x00000190   Code   RO         1290    .text.UART_RxISR_16BIT  stm32l0xx_hal_uart.o
    0x08006774   0x08006774   0x00000190   Code   RO         1292    .text.UART_RxISR_8BIT  stm32l0xx_hal_uart.o
    0x08006904   0x08006904   0x00000504   Code   RO         1172    .text.UART_SetConfig  stm32l0xx_hal_uart.o
    0x08006e08   0x08006e08   0x000001a0   Code   RO         1200    .text.UART_Start_Receive_IT  stm32l0xx_hal_uart.o
    0x08006fa8   0x08006fa8   0x00000108   Code   RO         1188    .text.UART_WaitOnFlagUntilTimeout  stm32l0xx_hal_uart.o
    0x080070b0   0x080070b0   0x0000000c   Code   RO          132    .text.USART1_IRQHandler  stm32l0xx_it.o
    0x080070bc   0x080070bc   0x0000002c   Code   RO          832    .text.__NVIC_EnableIRQ  stm32l0xx_hal_cortex.o
    0x080070e8   0x080070e8   0x00000084   Code   RO          828    .text.__NVIC_SetPriority  stm32l0xx_hal_cortex.o
    0x0800716c   0x0800716c   0x00000150   Code   RO           55    .text.displayInfo   main.o
    0x080072bc   0x080072bc   0x0000006c   Code   RO           63    .text.main          main.o
    0x08007328   0x08007328   0x0000006c   Code   RO           53    .text.sendAverageDataUART  main.o
    0x08007394   0x08007394   0x0000008c   Code   RO           19    .text.ssd1306_DrawPixel  ssd1306.o
    0x08007420   0x08007420   0x00000040   Code   RO           15    .text.ssd1306_Fill  ssd1306.o
    0x08007460   0x08007460   0x00000210   Code   RO           11    .text.ssd1306_Init  ssd1306.o
    0x08007670   0x08007670   0x00000020   Code   RO           27    .text.ssd1306_SetCursor  ssd1306.o
    0x08007690   0x08007690   0x00000068   Code   RO           17    .text.ssd1306_UpdateScreen  ssd1306.o
    0x080076f8   0x080076f8   0x000000f4   Code   RO           21    .text.ssd1306_WriteChar  ssd1306.o
    0x080077ec   0x080077ec   0x00000028   Code   RO           13    .text.ssd1306_WriteCommand  ssd1306.o
    0x08007814   0x08007814   0x00000058   Code   RO           23    .text.ssd1306_WriteString  ssd1306.o
    0x0800786c   0x0800786c   0x00000024   Code   RO           51    .text.startConvADC  main.o
    0x08007890   0x08007890   0x00000030   Code   RO         1584    i.__ARM_common_ll_muluu  c_p.l(btod.o)
    0x080078c0   0x080078c0   0x0000002c   Code   RO         1609    i.__ARM_fpclassify  m_ps.l(fpclassify.o)
    0x080078ec   0x080078ec   0x00000016   Code   RO         1385    i._fgeq             fz_ps.l(fcmp.o)
    0x08007902   0x08007902   0x0000001a   Code   RO         1387    i._fleq             fz_ps.l(fcmp.o)
    0x0800791c   0x0800791c   0x0000000e   Code   RO         1478    i._is_digit         c_p.l(__printf_wp.o)
    0x0800792a   0x0800792a   0x00000002   PAD
    0x0800792c   0x0800792c   0x0000002c   Code   RO         1589    locale$$code        c_p.l(lc_numeric_c.o)
    0x08007958   0x08007958   0x0000002c   Code   RO         1622    locale$$code        c_p.l(lc_ctype_c.o)
    0x08007984   0x08007984   0x0000008c   Code   RO         1372    x$fpl$fadd          fz_ps.l(faddsub.o)
    0x08007a10   0x08007a10   0x00000054   Code   RO         1513    x$fpl$fgeqf         fz_ps.l(fgef.o)
    0x08007a64   0x08007a64   0x00000054   Code   RO         1515    x$fpl$fleqf         fz_ps.l(flef.o)
    0x08007ab8   0x08007ab8   0x000000b0   Code   RO         1407    x$fpl$fmul          fz_ps.l(fmul.o)
    0x08007b68   0x08007b68   0x000000d0   Code   RO         1374    x$fpl$fsub          fz_ps.l(faddsub.o)
    0x08007c38   0x08007c38   0x00000010   Code   RO         1517    x$fpl$printf1       fz_ps.l(printf1.o)
    0x08007c48   0x08007c48   0x00000010   Code   RO         1519    x$fpl$printf2       fz_ps.l(printf2.o)
    0x08007c58   0x08007c58   0x00000000   Code   RO         1525    x$fpl$usenofp       fz_ps.l(usenofp.o)
    0x08007c58   0x08007c58   0x00000040   Data   RO         1403    .constdata          fz_ps.l(fdiv.o)
    0x08007c98   0x08007c98   0x00000008   Data   RO         1437    .constdata          c_p.l(_printf_wctomb.o)
    0x08007ca0   0x08007ca0   0x00000028   Data   RO         1466    .constdata          c_p.l(_printf_hex_int_ll_ptr.o)
    0x08007cc8   0x08007cc8   0x00000011   Data   RO         1486    .constdata          c_p.l(__printf_flags_ss_wp.o)
    0x08007cd9   0x08007cd9   0x00000026   Data   RO         1552    .constdata          c_p.l(_printf_fp_hex.o)
    0x08007cff   0x08007cff   0x00000001   PAD
    0x08007d00   0x08007d00   0x00000094   Data   RO         1580    .constdata          c_p.l(bigflt0.o)
    0x08007d94   0x08007d94   0x00000010   Data   RO         1343    .rodata.AHBPrescTable  system_stm32l0xx.o
    0x08007da4   0x08007da4   0x00000008   Data   RO         1344    .rodata.APBPrescTable  system_stm32l0xx.o
    0x08007dac   0x08007dac   0x00000d5c   Data   RO           42    .rodata.Font11x18   fonts.o
    0x08008b08   0x08008b08   0x00000009   Data   RO         1345    .rodata.PLLMulTable  system_stm32l0xx.o
    0x08008b11   0x08008b11   0x00000052   Data   RO           92    .rodata.str1.1      main.o
    0x08008b63   0x08008b63   0x00000001   PAD
    0x08008b64   0x08008b64   0x00000020   Data   RO         1759    Region$$Table       anon$$obj.o
    0x08008b84   0x08008b84   0x0000001c   Data   RO         1588    locale$$data        c_p.l(lc_numeric_c.o)
    0x08008ba0   0x08008ba0   0x00000110   Data   RO         1621    locale$$data        c_p.l(lc_ctype_c.o)


    Execution Region RW_IRAM1 (Exec base: 0x20000000, Load base: 0x08008cb0, Size: 0x00000d08, Max: 0x00005000, ABSOLUTE)

    Exec Addr    Load Addr    Size         Type   Attr      Idx    E Section Name        Object

    0x20000000   0x08008cb0   0x00000008   Data   RW           40    .data.Font_11x18    fonts.o
    0x20000008   0x08008cb8   0x00000004   Data   RW         1342    .data.SystemCoreClock  system_stm32l0xx.o
    0x2000000c   0x08008cbc   0x00000004   Data   RW           85    .data.rref1         main.o
    0x20000010   0x08008cc0   0x00000004   Data   RW           86    .data.rref2         main.o
    0x20000014   0x08008cc4   0x00000001   Data   RW          315    .data.uwTickFreq    stm32l0xx_hal.o
    0x20000015   0x08008cc5   0x00000003   PAD
    0x20000018   0x08008cc8   0x00000004   Data   RW          314    .data.uwTickPrio    stm32l0xx_hal.o
    0x2000001c   0x08008ccc   0x00000004   PAD
    0x20000020        -       0x00000060   Zero   RW         1612    .bss                c_p.l(libspace.o)
    0x20000080        -       0x00000008   Zero   RW          100    .bss.AverageSensorsADC  main.o
    0x20000088        -       0x00000014   Zero   RW           98    .bss.DataBufferADC  main.o
    0x2000009c        -       0x00000008   Zero   RW           93    .bss.NTC_Resistance  main.o
    0x200000a4        -       0x00000006   Zero   RW           29    .bss.SSD1306        ssd1306.o
    0x200000aa        -       0x00000400   Zero   RW           30    .bss.SSD1306_Buffer  ssd1306.o
    0x200004aa   0x08008ccc   0x00000002   PAD
    0x200004ac        -       0x00000008   Zero   RW           99    .bss.SumSensorsADC  main.o
    0x200004b4        -       0x00000004   Zero   RW           91    .bss.aADCxConvertedData  main.o
    0x200004b8        -       0x0000005c   Zero   RW           90    .bss.hadc           main.o
    0x20000514        -       0x00000048   Zero   RW          103    .bss.hdma_adc       main.o
    0x2000055c        -       0x00000054   Zero   RW           95    .bss.hi2c1          main.o
    0x200005b0        -       0x00000040   Zero   RW           96    .bss.htim3          main.o
    0x200005f0        -       0x00000040   Zero   RW           97    .bss.htim6          main.o
    0x20000630        -       0x00000040   Zero   RW          102    .bss.htim7          main.o
    0x20000670        -       0x00000088   Zero   RW           94    .bss.huart1         main.o
    0x200006f8        -       0x00000001   Zero   RW           88    .bss.sample         main.o
    0x200006f9        -       0x00000008   Zero   RW          101    .bss.uart_rx_buffer  main.o
    0x20000701   0x08008ccc   0x00000003   PAD
    0x20000704        -       0x00000004   Zero   RW          316    .bss.uwTick         stm32l0xx_hal.o
    0x20000708        -       0x00000200   Zero   RW            2    HEAP                startup_stm32l073xx.o
    0x20000908        -       0x00000400   Zero   RW            1    STACK               startup_stm32l073xx.o


==============================================================================

Image component sizes


      Code (inc. data)   RO Data    RW Data    ZI Data      Debug   Object Name

         0          0       3420          8          0        928   fonts.o
      2058        212         82          8        633      14624   main.o
      1240         12          0          0       1030       6096   ssd1306.o
        56         26        192          0       1536        640   startup_stm32l073xx.o
       268         28          0          5          4       6680   stm32l0xx_hal.o
      1828         52          0          0          0      10584   stm32l0xx_hal_adc.o
       322         24          0          0          0       6479   stm32l0xx_hal_cortex.o
      1100         16          0          0          0       6300   stm32l0xx_hal_dma.o
       832         44          0          0          0       4765   stm32l0xx_hal_gpio.o
      2258         24          0          0          0      38150   stm32l0xx_hal_i2c.o
       310          0          0          0          0       5314   stm32l0xx_hal_i2c_ex.o
       624         60          0          0          0      10694   stm32l0xx_hal_msp.o
        38          4          0          0          0       4361   stm32l0xx_hal_pwr.o
      3280        168          0          0          0       8924   stm32l0xx_hal_rcc.o
       876         24          0          0          0       7999   stm32l0xx_hal_rcc_ex.o
      1656         24          0          0          0      35152   stm32l0xx_hal_tim.o
       204          0          0          0          0       4195   stm32l0xx_hal_tim_ex.o
      5870        264          0          0          0      35310   stm32l0xx_hal_uart.o
         8          0          0          0          0       8278   stm32l0xx_hal_uart_ex.o
       104         16          0          0          0       1282   stm32l0xx_it.o
         2          0         33          4          0       1956   system_stm32l0xx.o

    ----------------------------------------------------------------------
     22950        998       3760         28       3212     218711   Object Totals
         0          0         32          0          0          0   (incl. Generated)
        16          0          1          3          9          0   (incl. Padding)

    ----------------------------------------------------------------------

      Code (inc. data)   RO Data    RW Data    ZI Data      Debug   Library Member Name

         8          0          0          0          0         68   __main.o
       392          6         17          0          0         76   __printf_flags_ss_wp.o
        14          0          0          0          0         60   __printf_wp.o
         0          0          0          0          0          0   __rtentry.o
        12          0          0          0          0          0   __rtentry2.o
         6          0          0          0          0          0   __rtentry4.o
        86         10          0          0          0          0   __scatter.o
        26          0          0          0          0          0   __scatter_copy.o
        28          0          0          0          0          0   __scatter_zi.o
        66          0          0          0          0         76   _c16rtomb.o
        10          0          0          0          0          0   _printf_a.o
        10          0          0          0          0          0   _printf_c.o
        46          0          0          0          0        100   _printf_char.o
        48          6          0          0          0         88   _printf_char_common.o
        38          0          0          0          0         60   _printf_charcount.o
        10          0          0          0          0          0   _printf_d.o
       108         18          0          0          0         76   _printf_dec.o
        10          0          0          0          0          0   _printf_e.o
        10          0          0          0          0          0   _printf_f.o
      1044         12          0          0          0        116   _printf_fp_dec.o
       728         10         38          0          0         84   _printf_fp_hex.o
       136         16          0          0          0         76   _printf_fp_infnan.o
        10          0          0          0          0          0   _printf_g.o
       152          4         40          0          0        148   _printf_hex_int_ll_ptr.o
        10          0          0          0          0          0   _printf_i.o
       176          0          0          0          0         84   _printf_intcommon.o
        10          0          0          0          0          0   _printf_l.o
        10          0          0          0          0          0   _printf_lc.o
        10          0          0          0          0          0   _printf_ll.o
        10          0          0          0          0          0   _printf_lld.o
        10          0          0          0          0          0   _printf_lli.o
        10          0          0          0          0          0   _printf_llo.o
        10          0          0          0          0          0   _printf_llu.o
        10          0          0          0          0          0   _printf_llx.o
       112         18          0          0          0         76   _printf_longlong_dec.o
        10          0          0          0          0          0   _printf_ls.o
        10          0          0          0          0          0   _printf_n.o
        10          0          0          0          0          0   _printf_o.o
       112         10          0          0          0        112   _printf_oct_int_ll.o
        10          0          0          0          0          0   _printf_p.o
        78          0          0          0          0        100   _printf_pad.o
         2          0          0          0          0          0   _printf_percent.o
         4          0          0          0          0          0   _printf_percent_end.o
        10          0          0          0          0          0   _printf_s.o
        82          0          0          0          0         72   _printf_str.o
        36          0          0          0          0         76   _printf_truncate.o
        10          0          0          0          0          0   _printf_u.o
        46          0          0          0          0        100   _printf_wchar.o
       188          6          8          0          0         80   _printf_wctomb.o
        10          0          0          0          0          0   _printf_x.o
        16          0          0          0          0         60   _snputc.o
        10          0          0          0          0         60   _sputc.o
       364          4          0          0          0         92   aeabi_sdiv.o
       216          6        148          0          0         80   bigflt0.o
      1456         30          0          0          0        336   btod.o
        16          0          0          0          0         68   exit.o
         6          0          0          0          0        136   heapauxi.o
         0          0          0          0          0          0   indicate_semi.o
        44         10        272          0          0         76   lc_ctype_c.o
        44         10         28          0          0         76   lc_numeric_c.o
         2          0          0          0          0          0   libinit.o
        30          0          0          0          0          0   libinit2.o
         2          0          0          0          0          0   libshutdown.o
         2          0          0          0          0          0   libshutdown2.o
         8          4          0          0         96         68   libspace.o
       272          0          0          0          0         88   lludiv.o
       122          0          0          0          0         72   lludiv10.o
        16          4          0          0          0         76   rt_ctype_table.o
         8          4          0          0          0         68   rt_locale_intlibspace.o
        64          0          0          0          0        108   rt_memclr.o
         2          0          0          0          0          0   rtexit.o
        10          0          0          0          0          0   rtexit2.o
        40          0          0          0          0         60   rtudiv10.o
        64          4          0          0          0         84   snprintf.o
        44          4          0          0          0         84   sprintf.o
       136          4          0          0          0         72   strcmp.o
        12          4          0          0          0         60   sys_exit.o
        62          0          0          0          0         80   sys_stackheap_outer.o
         2          0          0          0          0         68   use_no_semi.o
        46          0          0          0          0         60   cmpret.o
        84          4          0          0          0         60   f2d.o
       348          8          0          0          0        160   faddsub.o
        48          0          0          0          0        136   fcmp.o
       100          4          0          0          0         68   fcmpin.o
       352         10         64          0          0         92   fdiv.o
        94          0          0          0          0         92   fflti.o
        84          4          0          0          0         76   fgef.o
        84          4          0          0          0         76   flef.o
       176          4          0          0          0         80   fmul.o
        16          6          0          0          0         68   fnan2.o
        16          4          0          0          0         76   printf1.o
        16          4          0          0          0         76   printf2.o
        94          0          0          0          0         68   retnan.o
         0          0          0          0          0          0   usenofp.o
        44          4          0          0          0         60   fpclassify.o

    ----------------------------------------------------------------------
      8690        260        616          0         96       4948   Library Totals
        24          0          1          0          0          0   (incl. Padding)

    ----------------------------------------------------------------------

      Code (inc. data)   RO Data    RW Data    ZI Data      Debug   Library Name

      7064        204        551          0         96       3700   c_p.l
      1558         52         64          0          0       1188   fz_ps.l
        44          4          0          0          0         60   m_ps.l

    ----------------------------------------------------------------------
      8690        260        616          0         96       4948   Library Totals

    ----------------------------------------------------------------------

==============================================================================


      Code (inc. data)   RO Data    RW Data    ZI Data      Debug   

     31640       1258       4376         28       3308     220847   Grand Totals
     31640       1258       4376         28       3308     220847   ELF Image Totals
     31640       1258       4376         28          0          0   ROM Totals

==============================================================================

    Total RO  Size (Code + RO Data)                36016 (  35.17kB)
    Total RW  Size (RW Data + ZI Data)              3336 (   3.26kB)
    Total ROM Size (Code + RO Data + RW Data)      36044 (  35.20kB)

==============================================================================

